Component: ARM Compiler 5.06 update 5 (build 528) Tool: armlink [4d35e2]

==============================================================================

Section Cross References

    startup_stm32f10x_md.o(STACK) refers (Special) to heapauxi.o(.text) for __use_two_region_memory
    startup_stm32f10x_md.o(HEAP) refers (Special) to heapauxi.o(.text) for __use_two_region_memory
    startup_stm32f10x_md.o(RESET) refers (Special) to heapauxi.o(.text) for __use_two_region_memory
    startup_stm32f10x_md.o(RESET) refers to startup_stm32f10x_md.o(STACK) for __initial_sp
    startup_stm32f10x_md.o(RESET) refers to startup_stm32f10x_md.o(.text) for Reset_Handler
    startup_stm32f10x_md.o(RESET) refers to stm32f10x_it.o(i.NMI_Handler) for NMI_Handler
    startup_stm32f10x_md.o(RESET) refers to stm32f10x_it.o(i.HardFault_Handler) for HardFault_Handler
    startup_stm32f10x_md.o(RESET) refers to stm32f10x_it.o(i.MemManage_Handler) for MemManage_Handler
    startup_stm32f10x_md.o(RESET) refers to stm32f10x_it.o(i.BusFault_Handler) for BusFault_Handler
    startup_stm32f10x_md.o(RESET) refers to stm32f10x_it.o(i.UsageFault_Handler) for UsageFault_Handler
    startup_stm32f10x_md.o(RESET) refers to stm32f10x_it.o(i.SVC_Handler) for SVC_Handler
    startup_stm32f10x_md.o(RESET) refers to stm32f10x_it.o(i.DebugMon_Handler) for DebugMon_Handler
    startup_stm32f10x_md.o(RESET) refers to stm32f10x_it.o(i.PendSV_Handler) for PendSV_Handler
    startup_stm32f10x_md.o(RESET) refers to stm32f10x_it.o(i.SysTick_Handler) for SysTick_Handler
    startup_stm32f10x_md.o(RESET) refers to serial.o(i.USART1_IRQHandler) for USART1_IRQHandler
    startup_stm32f10x_md.o(.text) refers (Special) to heapauxi.o(.text) for __use_two_region_memory
    startup_stm32f10x_md.o(.text) refers to system_stm32f10x.o(i.SystemInit) for SystemInit
    startup_stm32f10x_md.o(.text) refers to __main.o(!!!main) for __main
    startup_stm32f10x_md.o(.text) refers to startup_stm32f10x_md.o(HEAP) for Heap_Mem
    startup_stm32f10x_md.o(.text) refers to startup_stm32f10x_md.o(STACK) for Stack_Mem
    system_stm32f10x.o(i.SetSysClock) refers to system_stm32f10x.o(i.SetSysClockTo72) for SetSysClockTo72
    system_stm32f10x.o(i.SystemCoreClockUpdate) refers to system_stm32f10x.o(.data) for SystemCoreClock
    system_stm32f10x.o(i.SystemInit) refers to system_stm32f10x.o(i.SetSysClock) for SetSysClock
    stm32f10x_adc.o(i.ADC_DeInit) refers to stm32f10x_rcc.o(i.RCC_APB2PeriphResetCmd) for RCC_APB2PeriphResetCmd
    stm32f10x_bkp.o(i.BKP_DeInit) refers to stm32f10x_rcc.o(i.RCC_BackupResetCmd) for RCC_BackupResetCmd
    stm32f10x_can.o(i.CAN_DeInit) refers to stm32f10x_rcc.o(i.RCC_APB1PeriphResetCmd) for RCC_APB1PeriphResetCmd
    stm32f10x_can.o(i.CAN_GetITStatus) refers to stm32f10x_can.o(i.CheckITStatus) for CheckITStatus
    stm32f10x_cec.o(i.CEC_DeInit) refers to stm32f10x_rcc.o(i.RCC_APB1PeriphResetCmd) for RCC_APB1PeriphResetCmd
    stm32f10x_dac.o(i.DAC_DeInit) refers to stm32f10x_rcc.o(i.RCC_APB1PeriphResetCmd) for RCC_APB1PeriphResetCmd
    stm32f10x_flash.o(i.FLASH_EnableWriteProtection) refers to stm32f10x_flash.o(i.FLASH_WaitForLastOperation) for FLASH_WaitForLastOperation
    stm32f10x_flash.o(i.FLASH_EraseAllBank1Pages) refers to stm32f10x_flash.o(i.FLASH_WaitForLastBank1Operation) for FLASH_WaitForLastBank1Operation
    stm32f10x_flash.o(i.FLASH_EraseAllPages) refers to stm32f10x_flash.o(i.FLASH_WaitForLastOperation) for FLASH_WaitForLastOperation
    stm32f10x_flash.o(i.FLASH_EraseOptionBytes) refers to stm32f10x_flash.o(i.FLASH_GetReadOutProtectionStatus) for FLASH_GetReadOutProtectionStatus
    stm32f10x_flash.o(i.FLASH_EraseOptionBytes) refers to stm32f10x_flash.o(i.FLASH_WaitForLastOperation) for FLASH_WaitForLastOperation
    stm32f10x_flash.o(i.FLASH_ErasePage) refers to stm32f10x_flash.o(i.FLASH_WaitForLastOperation) for FLASH_WaitForLastOperation
    stm32f10x_flash.o(i.FLASH_ProgramHalfWord) refers to stm32f10x_flash.o(i.FLASH_WaitForLastOperation) for FLASH_WaitForLastOperation
    stm32f10x_flash.o(i.FLASH_ProgramOptionByteData) refers to stm32f10x_flash.o(i.FLASH_WaitForLastOperation) for FLASH_WaitForLastOperation
    stm32f10x_flash.o(i.FLASH_ProgramWord) refers to stm32f10x_flash.o(i.FLASH_WaitForLastOperation) for FLASH_WaitForLastOperation
    stm32f10x_flash.o(i.FLASH_ReadOutProtection) refers to stm32f10x_flash.o(i.FLASH_WaitForLastOperation) for FLASH_WaitForLastOperation
    stm32f10x_flash.o(i.FLASH_UserOptionByteConfig) refers to stm32f10x_flash.o(i.FLASH_WaitForLastOperation) for FLASH_WaitForLastOperation
    stm32f10x_flash.o(i.FLASH_WaitForLastBank1Operation) refers to stm32f10x_flash.o(i.FLASH_GetBank1Status) for FLASH_GetBank1Status
    stm32f10x_flash.o(i.FLASH_WaitForLastOperation) refers to stm32f10x_flash.o(i.FLASH_GetBank1Status) for FLASH_GetBank1Status
    stm32f10x_gpio.o(i.GPIO_AFIODeInit) refers to stm32f10x_rcc.o(i.RCC_APB2PeriphResetCmd) for RCC_APB2PeriphResetCmd
[...]
    ../fplib/dsqrt.s                         0x00000000   Number         0  dsqrt_noumaal.o ABSOLUTE
    ../fplib/f2d.s                           0x00000000   Number         0  f2d.o ABSOLUTE
    ../fplib/faddsub.s                       0x00000000   Number         0  faddsub_clz.o ABSOLUTE
    ../fplib/fdiv.s                          0x00000000   Number         0  fdiv.o ABSOLUTE
    ../fplib/ffix.s                          0x00000000   Number         0  ffix.o ABSOLUTE
    ../fplib/ffixu.s                         0x00000000   Number         0  ffixu.o ABSOLUTE
    ../fplib/fflt.s                          0x00000000   Number         0  fflt_clz.o ABSOLUTE
    ../fplib/fmul.s                          0x00000000   Number         0  fmul.o ABSOLUTE
    ../fplib/fnaninf.s                       0x00000000   Number         0  fnaninf.o ABSOLUTE
    ../fplib/fpinit.s                        0x00000000   Number         0  fpinit.o ABSOLUTE
    ../fplib/fretinf.s                       0x00000000   Number         0  fretinf.o ABSOLUTE
    ../fplib/retnan.s                        0x00000000   Number         0  retnan.o ABSOLUTE
    ../fplib/scalbn.s                        0x00000000   Number         0  scalbn.o ABSOLUTE
    ../fplib/trapv.s                         0x00000000   Number         0  trapv.o ABSOLUTE
    ../fplib/usenofp.s                       0x00000000   Number         0  usenofp.o ABSOLUTE
    ../mathlib/atan.c                        0x00000000   Number         0  atan_x.o ABSOLUTE
    ../mathlib/atan.c                        0x00000000   Number         0  atan.o ABSOLUTE
    ../mathlib/dunder.c                      0x00000000   Number         0  dunder.o ABSOLUTE
    ../mathlib/fpclassify.c                  0x00000000   Number         0  fpclassify.o ABSOLUTE
    ../mathlib/poly.c                        0x00000000   Number         0  poly.o ABSOLUTE
    ../mathlib/sqrt.c                        0x00000000   Number         0  sqrt.o ABSOLUTE
    ../mathlib/sqrt.c                        0x00000000   Number         0  sqrt_x.o ABSOLUTE
    Library\misc.c                           0x00000000   Number         0  misc.o ABSOLUTE
    Library\stm32f10x_adc.c                  0x00000000   Number         0  stm32f10x_adc.o ABSOLUTE
    Library\stm32f10x_bkp.c                  0x00000000   Number         0  stm32f10x_bkp.o ABSOLUTE
    Library\stm32f10x_can.c                  0x00000000   Number         0  stm32f10x_can.o ABSOLUTE
    Library\stm32f10x_cec.c                  0x00000000   Number         0  stm32f10x_cec.o ABSOLUTE
    Library\stm32f10x_crc.c                  0x00000000   Number         0  stm32f10x_crc.o ABSOLUTE
    Library\stm32f10x_dac.c                  0x00000000   Number         0  stm32f10x_dac.o ABSOLUTE
    Library\stm32f10x_dbgmcu.c               0x00000000   Number         0  stm32f10x_dbgmcu.o ABSOLUTE
    Library\stm32f10x_dma.c                  0x00000000   Number         0  stm32f10x_dma.o ABSOLUTE
    Library\stm32f10x_exti.c                 0x00000000   Number         0  stm32f10x_exti.o ABSOLUTE
    Library\stm32f10x_flash.c                0x00000000   Number         0  stm32f10x_flash.o ABSOLUTE
    Library\stm32f10x_fsmc.c                 0x00000000   Number         0  stm32f10x_fsmc.o ABSOLUTE
    Library\stm32f10x_gpio.c                 0x00000000   Number         0  stm32f10x_gpio.o ABSOLUTE
    Library\stm32f10x_i2c.c                  0x00000000   Number         0  stm32f10x_i2c.o ABSOLUTE
    Library\stm32f10x_iwdg.c                 0x00000000   Number         0  stm32f10x_iwdg.o ABSOLUTE
    Library\stm32f10x_pwr.c                  0x00000000   Number         0  stm32f10x_pwr.o ABSOLUTE
    Library\stm32f10x_rcc.c                  0x00000000   Number         0  stm32f10x_rcc.o ABSOLUTE
    Library\stm32f10x_rtc.c                  0x00000000   Number         0  stm32f10x_rtc.o ABSOLUTE
    Library\stm32f10x_sdio.c                 0x00000000   Number         0  stm32f10x_sdio.o ABSOLUTE
    Library\stm32f10x_spi.c                  0x00000000   Number         0  stm32f10x_spi.o ABSOLUTE
    Library\stm32f10x_tim.c                  0x00000000   Number         0  stm32f10x_tim.o ABSOLUTE
    Library\stm32f10x_usart.c                0x00000000   Number         0  stm32f10x_usart.o ABSOLUTE
    Library\stm32f10x_wwdg.c                 0x00000000   Number         0  stm32f10x_wwdg.o ABSOLUTE
    Start\\core_cm3.c                        0x00000000   Number         0  core_cm3.o ABSOLUTE
    Start\core_cm3.c                         0x00000000   Number         0  core_cm3.o ABSOLUTE
    Start\startup_stm32f10x_md.s             0x00000000   Number         0  startup_stm32f10x_md.o ABSOLUTE
    Start\system_stm32f10x.c                 0x00000000   Number         0  system_stm32f10x.o ABSOLUTE
    System\Delay.c                           0x00000000   Number         0  delay.o ABSOLUTE
    User\main.c                              0x00000000   Number         0  main.o ABSOLUTE
    User\stm32f10x_it.c                      0x00000000   Number         0  stm32f10x_it.o ABSOLUTE
    dc.s                                     0x00000000   Number         0  dc.o ABSOLUTE
    hardware\ADC.c                           0x00000000   Number         0  adc.o ABSOLUTE
    hardware\ADXL345.c                       0x00000000   Number         0  adxl345.o ABSOLUTE
    hardware\BUZZER.c                        0x00000000   Number         0  buzzer.o ABSOLUTE
    hardware\IIC.c                           0x00000000   Number         0  iic.o ABSOLUTE
    hardware\OLED.c                          0x00000000   Number         0  oled.o ABSOLUTE
    hardware\SW1801.c                        0x00000000   Number         0  sw1801.o ABSOLUTE
    hardware\Serial.c                        0x00000000   Number         0  serial.o ABSOLUTE
    hardware\alarm_moduel.c                  0x00000000   Number         0  alarm_moduel.o ABSOLUTE
    hardware\key.c                           0x00000000   Number         0  key.o ABSOLUTE
    RESET                                    0x08000000   Section      236  startup_stm32f10x_md.o(RESET)
    !!!main                                  0x080000ec   Section        8  __main.o(!!!main)
    !!!scatter                               0x080000f4   Section       52  __scatter.o(!!!scatter)
    !!handler_copy                           0x08000128   Section       26  __scatter_copy.o(!!handler_copy)
    !!handler_zi                             0x08000144   Section       28  __scatter_zi.o(!!handler_zi)
    .ARM.Collect$$_printf_percent$$00000000  0x08000160   Section        0  _printf_percent.o(.ARM.Collect$$_printf_percent$$00000000)
    .ARM.Collect$$_printf_percent$$00000014  0x08000160   Section        6  _printf_s.o(.ARM.Collect$$_printf_percent$$00000014)
    .ARM.Collect$$_printf_percent$$00000017  0x08000166   Section        4  _printf_percent_end.o(.ARM.Collect$$_printf_percent$$00000017)
    .ARM.Collect$$libinit$$00000000          0x0800016a   Section        2  libinit.o(.ARM.Collect$$libinit$$00000000)
    .ARM.Collect$$libinit$$00000002          0x0800016c   Section        0  libinit2.o(.ARM.Collect$$libinit$$00000002)
    .ARM.Collect$$libinit$$00000004          0x0800016c   Section        0  libinit2.o(.ARM.Collect$$libinit$$00000004)
    .ARM.Collect$$libinit$$0000000A          0x0800016c   Section        0  libinit2.o(.ARM.Collect$$libinit$$0000000A)
    .ARM.Collect$$libinit$$0000000C          0x0800016c   Section        0  libinit2.o(.ARM.Collect$$libinit$$0000000C)
    .ARM.Collect$$libinit$$0000000E          0x0800016c   Section        0  libinit2.o(.ARM.Collect$$libinit$$0000000E)
    .ARM.Collect$$libinit$$00000011          0x0800016c   Section        0  libinit2.o(.ARM.Collect$$libinit$$00000011)
    .ARM.Collect$$libinit$$00000013          0x0800016c   Section        0  libinit2.o(.ARM.Collect$$libinit$$00000013)
    .ARM.Collect$$libinit$$00000015          0x0800016c   Section        0  libinit2.o(.ARM.Collect$$libinit$$00000015)
    .ARM.Collect$$libinit$$00000017          0x0800016c   Section        0  libinit2.o(.ARM.Collect$$libinit$$00000017)
    .ARM.Collect$$libinit$$00000019          0x0800016c   Section        0  libinit2.o(.ARM.Collect$$libinit$$00000019)
    .ARM.Collect$$libinit$$0000001B          0x0800016c   Section        0  libinit2.o(.ARM.Collect$$libinit$$0000001B)
    .ARM.Collect$$libinit$$0000001D          0x0800016c   Section        0  libinit2.o(.ARM.Collect$$libinit$$0000001D)
    .ARM.Collect$$libinit$$0000001F          0x0800016c   Section        0  libinit2.o(.ARM.Collect$$libinit$$0000001F)
    .ARM.Collect$$libinit$$00000021          0x0800016c   Section        0  libinit2.o(.ARM.Collect$$libinit$$00000021)
    .ARM.Collect$$libinit$$00000023          0x0800016c   Section        0  libinit2.o(.ARM.Collect$$libinit$$00000023)
    .ARM.Collect$$libinit$$00000025          0x0800016c   Section        0  libinit2.o(.ARM.Collect$$libinit$$00000025)
    .ARM.Collect$$libinit$$0000002C          0x0800016c   Section        0  libinit2.o(.ARM.Collect$$libinit$$0000002C)
    .ARM.Collect$$libinit$$0000002E          0x0800016c   Section        0  libinit2.o(.ARM.Collect$$libinit$$0000002E)
    .ARM.Collect$$libinit$$00000030          0x0800016c   Section        0  libinit2.o(.ARM.Collect$$libinit$$00000030)
    .ARM.Collect$$libinit$$00000032          0x0800016c   Section        0  libinit2.o(.ARM.Collect$$libinit$$00000032)
    .ARM.Collect$$libinit$$00000033          0x0800016c   Section        2  libinit2.o(.ARM.Collect$$libinit$$00000033)
    .ARM.Collect$$libshutdown$$00000000      0x0800016e   Section        2  libshutdown.o(.ARM.Collect$$libshutdown$$00000000)
    .ARM.Collect$$libshutdown$$00000002      0x08000170   Section        0  libshutdown2.o(.ARM.Collect$$libshutdown$$00000002)
    .ARM.Collect$$libshutdown$$00000004      0x08000170   Section        0  libshutdown2.o(.ARM.Collect$$libshutdown$$00000004)
    .ARM.Collect$$libshutdown$$00000007      0x08000170   Section        0  libshutdown2.o(.ARM.Collect$$libshutdown$$00000007)
    .ARM.Collect$$libshutdown$$0000000A      0x08000170   Section        0  libshutdown2.o(.ARM.Collect$$libshutdown$$0000000A)
    .ARM.Collect$$libshutdown$$0000000C      0x08000170   Section        0  libshutdown2.o(.ARM.Collect$$libshutdown$$0000000C)
    .ARM.Collect$$libshutdown$$0000000F      0x08000170   Section        0  libshutdown2.o(.ARM.Collect$$libshutdown$$0000000F)
    .ARM.Collect$$libshutdown$$00000010      0x08000170   Section        2  libshutdown2.o(.ARM.Collect$$libshutdown$$00000010)
    .ARM.Collect$$rtentry$$00000000          0x08000172   Section        0  __rtentry.o(.ARM.Collect$$rtentry$$00000000)
    .ARM.Collect$$rtentry$$00000002          0x08000172   Section        0  __rtentry2.o(.ARM.Collect$$rtentry$$00000002)
    .ARM.Collect$$rtentry$$00000004          0x08000172   Section        6  __rtentry4.o(.ARM.Collect$$rtentry$$00000004)
    .ARM.Collect$$rtentry$$00000009          0x08000178   Section        0  __rtentry2.o(.ARM.Collect$$rtentry$$00000009)
    .ARM.Collect$$rtentry$$0000000A          0x08000178   Section        4  __rtentry2.o(.ARM.Collect$$rtentry$$0000000A)
    .ARM.Collect$$rtentry$$0000000C          0x0800017c   Section        0  __rtentry2.o(.ARM.Collect$$rtentry$$0000000C)
    .ARM.Collect$$rtentry$$0000000D          0x0800017c   Section        8  __rtentry2.o(.ARM.Collect$$rtentry$$0000000D)
    .ARM.Collect$$rtexit$$00000000           0x08000184   Section        2  rtexit.o(.ARM.Collect$$rtexit$$00000000)
    .ARM.Collect$$rtexit$$00000002           0x08000186   Section        0  rtexit2.o(.ARM.Collect$$rtexit$$00000002)
    .ARM.Collect$$rtexit$$00000003           0x08000186   Section        4  rtexit2.o(.ARM.Collect$$rtexit$$00000003)
    .ARM.Collect$$rtexit$$00000004           0x0800018a   Section        6  rtexit2.o(.ARM.Collect$$rtexit$$00000004)
    .text                                    0x08000190   Section       64  startup_stm32f10x_md.o(.text)
    .text                                    0x080001d0   Section        0  noretval__2sprintf.o(.text)
    .text                                    0x080001f8   Section        0  __printf.o(.text)
    .text                                    0x08000260   Section        0  _printf_str.o(.text)
    .text                                    0x080002b2   Section        0  heapauxi.o(.text)
    .text                                    0x080002b8   Section        0  _rserrno.o(.text)
    .text                                    0x080002d0   Section        0  _printf_char_common.o(.text)
    _printf_input_char                       0x080002d1   Thumb Code    10  _printf_char_common.o(.text)
    .text                                    0x08000300   Section        0  _sputc.o(.text)
    .text                                    0x0800030a   Section        0  _printf_char.o(.text)
    .text                                    0x08000338   Section        8  rt_errno_addr_intlibspace.o(.text)
    .text                                    0x08000340   Section        8  libspace.o(.text)
    .text                                    0x08000348   Section       74  sys_stackheap_outer.o(.text)
    .text                                    0x08000392   Section        0  exit.o(.text)
    .text                                    0x080003a4   Section        0  sys_exit.o(.text)
    .text                                    0x080003b0   Section        2  use_no_semi.o(.text)
    .text                                    0x080003b2   Section        0  indicate_semi.o(.text)
    i.ADC1_Init                              0x080003b4   Section        0  adc.o(i.ADC1_Init)
    i.ADC_Cmd                                0x0800044c   Section        0  stm32f10x_adc.o(i.ADC_Cmd)
    i.ADC_GetCalibrationStatus               0x08000462   Section        0  stm32f10x_adc.o(i.ADC_GetCalibrationStatus)
    i.ADC_GetConversionValue                 0x08000476   Section        0  stm32f10x_adc.o(i.ADC_GetConversionValue)
    i.ADC_GetFlagStatus                      0x0800047e   Section        0  stm32f10x_adc.o(i.ADC_GetFlagStatus)
    i.ADC_GetResetCalibrationStatus          0x08000490   Section        0  stm32f10x_adc.o(i.ADC_GetResetCalibrationStatus)
    i.ADC_Init                               0x080004a4   Section        0  stm32f10x_adc.o(i.ADC_Init)
    i.ADC_RegularChannelConfig               0x080004f4   Section        0  stm32f10x_adc.o(i.ADC_RegularChannelConfig)
    i.ADC_ResetCalibration                   0x080005ac   Section        0  stm32f10x_adc.o(i.ADC_ResetCalibration)
    i.ADC_SoftwareStartConvCmd               0x080005b6   Section        0  stm32f10x_adc.o(i.ADC_SoftwareStartConvCmd)
    i.ADXL345_init                           0x080005cc   Section        0  adxl345.o(i.ADXL345_init)
    i.ADXL345_read_average                   0x0800061c   Section        0  adxl345.o(i.ADXL345_read_average)
    i.ADXL345_read_data                      0x0800069e   Section        0  adxl345.o(i.ADXL345_read_data)
    i.ADXL345_read_reg                       0x0800072c   Section        0  adxl345.o(i.ADXL345_read_reg)
    i.ADXL345_write_reg                      0x0800077a   Section        0  adxl345.o(i.ADXL345_write_reg)
    i.AD_GetValue                            0x080007bc   Section        0  adc.o(i.AD_GetValue)
    i.BUZZER_Init                            0x080007e0   Section        0  buzzer.o(i.BUZZER_Init)
    i.BUZZER_Off                             0x08000818   Section        0  buzzer.o(i.BUZZER_Off)
    i.BUZZER_On                              0x0800082c   Section        0  buzzer.o(i.BUZZER_On)
    i.BusFault_Handler                       0x08000840   Section        0  stm32f10x_it.o(i.BusFault_Handler)
    i.DebugMon_Handler                       0x08000844   Section        0  stm32f10x_it.o(i.DebugMon_Handler)
    i.Delay_ms                               0x08000846   Section        0  delay.o(i.Delay_ms)
    i.Delay_us                               0x0800085e   Section        0  delay.o(i.Delay_us)
    i.Display_Angle_Value                    0x0800088c   Section        0  adxl345.o(i.Display_Angle_Value)
    i.Display_temperature_humidity           0x080008d8   Section        0  serial.o(i.Display_temperature_humidity)
    i.Display_wind_force                     0x08000918   Section        0  adc.o(i.Display_wind_force)
    i.GPIO_Init                              0x080009b0   Section        0  stm32f10x_gpio.o(i.GPIO_Init)
    i.GPIO_ReadInputDataBit                  0x08000ac6   Section        0  stm32f10x_gpio.o(i.GPIO_ReadInputDataBit)
    i.GPIO_ResetBits                         0x08000ad8   Section        0  stm32f10x_gpio.o(i.GPIO_ResetBits)
    i.GPIO_SetBits                           0x08000adc   Section        0  stm32f10x_gpio.o(i.GPIO_SetBits)
    i.GPIO_WriteBit                          0x08000ae0   Section        0  stm32f10x_gpio.o(i.GPIO_WriteBit)
    i.Get_Angle_Value                        0x08000aec   Section        0  adxl345.o(i.Get_Angle_Value)
    i.Get_Wind_Force                         0x08000c18   Section        0  adc.o(i.Get_Wind_Force)
    i.Get_temperature_humidity               0x08000cbc   Section        0  serial.o(i.Get_temperature_humidity)
    i.Get_vibration_value                    0x08000d08   Section        0  sw1801.o(i.Get_vibration_value)
    i.HardFault_Handler                      0x08000d54   Section        0  stm32f10x_it.o(i.HardFault_Handler)
    i.IIC_Delay                              0x08000d58   Section        0  iic.o(i.IIC_Delay)
    IIC_Delay                                0x08000d59   Thumb Code    14  iic.o(i.IIC_Delay)
    i.IIC_ack                                0x08000d68   Section        0  iic.o(i.IIC_ack)
    i.IIC_init                               0x08000da4   Section        0  iic.o(i.IIC_init)
    i.IIC_noack                              0x08000de4   Section        0  iic.o(i.IIC_noack)
    i.IIC_read_byte                          0x08000e18   Section        0  iic.o(i.IIC_read_byte)
    i.IIC_send_byte                          0x08000e70   Section        0  iic.o(i.IIC_send_byte)
    i.IIC_start                              0x08000ed4   Section        0  iic.o(i.IIC_start)
    i.IIC_stop                               0x08000f0c   Section        0  iic.o(i.IIC_stop)
    i.IIC_wait_ack                           0x08000f34   Section        0  iic.o(i.IIC_wait_ack)
    i.MemManage_Handler                      0x08000f78   Section        0  stm32f10x_it.o(i.MemManage_Handler)
    i.NMI_Handler                            0x08000f7c   Section        0  stm32f10x_it.o(i.NMI_Handler)
    i.NVIC_Init                              0x08000f80   Section        0  misc.o(i.NVIC_Init)
    i.NVIC_PriorityGroupConfig               0x08000ff0   Section        0  misc.o(i.NVIC_PriorityGroupConfig)
    i.OLED_Clear                             0x08001004   Section        0  oled.o(i.OLED_Clear)
    i.OLED_I2C_Init                          0x08001030   Section        0  oled.o(i.OLED_I2C_Init)
    i.OLED_I2C_SendByte                      0x08001080   Section        0  oled.o(i.OLED_I2C_SendByte)
    i.OLED_I2C_Start                         0x080010d4   Section        0  oled.o(i.OLED_I2C_Start)
    i.OLED_I2C_Stop                          0x08001108   Section        0  oled.o(i.OLED_I2C_Stop)
    i.OLED_Init                              0x08001130   Section        0  oled.o(i.OLED_Init)
    i.OLED_Pow                               0x080011de   Section        0  oled.o(i.OLED_Pow)
    i.OLED_SetCursor                         0x080011f2   Section        0  oled.o(i.OLED_SetCursor)
    i.OLED_ShowChar                          0x08001214   Section        0  oled.o(i.OLED_ShowChar)
    i.OLED_ShowNum                           0x08001288   Section        0  oled.o(i.OLED_ShowNum)
    i.OLED_ShowSignedNum                     0x080012cc   Section        0  oled.o(i.OLED_ShowSignedNum)
    i.OLED_ShowString                        0x08001332   Section        0  oled.o(i.OLED_ShowString)
    i.OLED_WriteCommand                      0x08001382   Section        0  oled.o(i.OLED_WriteCommand)
    i.OLED_WriteData                         0x080013a2   Section        0  oled.o(i.OLED_WriteData)
    i.PendSV_Handler                         0x080013c2   Section        0  stm32f10x_it.o(i.PendSV_Handler)
    i.RCC_APB2PeriphClockCmd                 0x080013c4   Section        0  stm32f10x_rcc.o(i.RCC_APB2PeriphClockCmd)
    i.RCC_GetClocksFreq                      0x080013e4   Section        0  stm32f10x_rcc.o(i.RCC_GetClocksFreq)
    i.SVC_Handler                            0x080014b8   Section        0  stm32f10x_it.o(i.SVC_Handler)
    i.SW1801_Init                            0x080014bc   Section        0  sw1801.o(i.SW1801_Init)
    i.Serial_RxData_clear                    0x080014e8   Section        0  serial.o(i.Serial_RxData_clear)
    i.SetSysClock                            0x08001500   Section        0  system_stm32f10x.o(i.SetSysClock)
    SetSysClock                              0x08001501   Thumb Code     8  system_stm32f10x.o(i.SetSysClock)
    i.SetSysClockTo72                        0x08001508   Section        0  system_stm32f10x.o(i.SetSysClockTo72)
    SetSysClockTo72                          0x08001509   Thumb Code   214  system_stm32f10x.o(i.SetSysClockTo72)
    i.Set_IIC_SDA_IN                         0x080015e8   Section        0  iic.o(i.Set_IIC_SDA_IN)
    i.Set_IIC_SDA_OUT                        0x08001610   Section        0  iic.o(i.Set_IIC_SDA_OUT)
    i.SysTick_Handler                        0x0800163c   Section        0  stm32f10x_it.o(i.SysTick_Handler)
    i.SystemInit                             0x08001640   Section        0  system_stm32f10x.o(i.SystemInit)
    i.USART1_IRQHandler                      0x080016a0   Section        0  serial.o(i.USART1_IRQHandler)
    i.USART1_Send_Char                       0x08001740   Section        0  serial.o(i.USART1_Send_Char)
    i.USART1_Send_String                     0x08001760   Section        0  serial.o(i.USART1_Send_String)
    i.USART1_init                            0x08001778   Section        0  serial.o(i.USART1_init)
    i.USART_ClearITPendingBit                0x08001830   Section        0  stm32f10x_usart.o(i.USART_ClearITPendingBit)
    i.USART_Cmd                              0x0800184e   Section        0  stm32f10x_usart.o(i.USART_Cmd)
    i.USART_GetFlagStatus                    0x08001866   Section        0  stm32f10x_usart.o(i.USART_GetFlagStatus)
    i.USART_GetITStatus                      0x08001880   Section        0  stm32f10x_usart.o(i.USART_GetITStatus)
    i.USART_ITConfig                         0x080018d4   Section        0  stm32f10x_usart.o(i.USART_ITConfig)
    i.USART_Init                             0x08001920   Section        0  stm32f10x_usart.o(i.USART_Init)
    i.USART_ReceiveData                      0x080019f8   Section        0  stm32f10x_usart.o(i.USART_ReceiveData)
    i.USART_SendData                         0x08001a02   Section        0  stm32f10x_usart.o(i.USART_SendData)
    i.UsageFault_Handler                     0x08001a0a   Section        0  stm32f10x_it.o(i.UsageFault_Handler)
    i.Wind_Force_Level_Display               0x08001a10   Section        0  adc.o(i.Wind_Force_Level_Display)
    i.__ARM_fpclassify                       0x08001d6c   Section        0  fpclassify.o(i.__ARM_fpclassify)
    i.__kernel_poly                          0x08001d94   Section        0  poly.o(i.__kernel_poly)
    i.__mathlib_dbl_infnan                   0x08001e3e   Section        0  dunder.o(i.__mathlib_dbl_infnan)
    i.__mathlib_dbl_underflow                0x08001e44   Section        0  dunder.o(i.__mathlib_dbl_underflow)
    i.alarm_process                          0x08001e54   Section        0  alarm_moduel.o(i.alarm_process)
    i.atan                                   0x08001f44   Section        0  atan.o(i.atan)
    i.key_Init                               0x08002164   Section        0  key.o(i.key_Init)
    i.key_scan                               0x08002190   Section        0  key.o(i.key_scan)
    i.main                                   0x080021cc   Section        0  main.o(i.main)
    i.set_alarm                              0x08002258   Section        0  alarm_moduel.o(i.set_alarm)
    i.sqrt                                   0x080022bc   Section        0  sqrt.o(i.sqrt)
    x$fpl$d2f                                0x08002308   Section       98  d2f.o(x$fpl$d2f)
    x$fpl$dadd                               0x0800236c   Section      336  daddsub_clz.o(x$fpl$dadd)
    _dadd1                                   0x0800237d   Thumb Code     0  daddsub_clz.o(x$fpl$dadd)
    x$fpl$dcheck1                            0x080024bc   Section       16  dcheck1.o(x$fpl$dcheck1)
    x$fpl$dcmpinf                            0x080024cc   Section       24  dcmpi.o(x$fpl$dcmpinf)
    x$fpl$ddiv                               0x080024e4   Section      688  ddiv.o(x$fpl$ddiv)
    ddiv_entry                               0x080024eb   Thumb Code     0  ddiv.o(x$fpl$ddiv)
    x$fpl$dflt                               0x08002794   Section       46  dflt_clz.o(x$fpl$dflt)
    x$fpl$dleqf                              0x080027c4   Section      120  dleqf.o(x$fpl$dleqf)
    x$fpl$dmul                               0x0800283c   Section      340  dmul.o(x$fpl$dmul)
    x$fpl$dnaninf                            0x08002990   Section      156  dnaninf.o(x$fpl$dnaninf)
    x$fpl$dretinf                            0x08002a2c   Section       12  dretinf.o(x$fpl$dretinf)
    x$fpl$drleqf                             0x08002a38   Section      108  drleqf.o(x$fpl$drleqf)
    x$fpl$drsb                               0x08002aa4   Section       22  daddsub_clz.o(x$fpl$drsb)
    x$fpl$dsqrt                              0x08002abc   Section      460  dsqrt_noumaal.o(x$fpl$dsqrt)
    x$fpl$dsub                               0x08002c88   Section      468  daddsub_clz.o(x$fpl$dsub)
    _dsub1                                   0x08002c99   Thumb Code     0  daddsub_clz.o(x$fpl$dsub)
    x$fpl$f2d                                0x08002e5c   Section       86  f2d.o(x$fpl$f2d)
    x$fpl$fadd                               0x08002eb4   Section      196  faddsub_clz.o(x$fpl$fadd)
    _fadd1                                   0x08002ec3   Thumb Code     0  faddsub_clz.o(x$fpl$fadd)
    x$fpl$fdiv                               0x08002f78   Section      388  fdiv.o(x$fpl$fdiv)
    _fdiv1                                   0x08002f79   Thumb Code     0  fdiv.o(x$fpl$fdiv)
    x$fpl$ffix                               0x080030fc   Section       54  ffix.o(x$fpl$ffix)
    x$fpl$ffixu                              0x08003134   Section       62  ffixu.o(x$fpl$ffixu)
    x$fpl$ffltu                              0x08003174   Section       38  fflt_clz.o(x$fpl$ffltu)
    x$fpl$fmul                               0x0800319c   Section      258  fmul.o(x$fpl$fmul)
    x$fpl$fnaninf                            0x0800329e   Section      140  fnaninf.o(x$fpl$fnaninf)
    x$fpl$fretinf                            0x0800332a   Section       10  fretinf.o(x$fpl$fretinf)
    x$fpl$fsub                               0x08003334   Section      234  faddsub_clz.o(x$fpl$fsub)
    _fsub1                                   0x08003343   Thumb Code     0  faddsub_clz.o(x$fpl$fsub)
    x$fpl$retnan                             0x0800341e   Section      100  retnan.o(x$fpl$retnan)
    x$fpl$scalbn                             0x08003482   Section       92  scalbn.o(x$fpl$scalbn)
    x$fpl$trapveneer                         0x080034de   Section       48  trapv.o(x$fpl$trapveneer)
    .constdata                               0x0800350e   Section     1520  oled.o(.constdata)
    x$fpl$usenofp                            0x0800350e   Section        0  usenofp.o(x$fpl$usenofp)
    .constdata                               0x08003b00   Section      152  atan.o(.constdata)
    atanhi                                   0x08003b00   Data          32  atan.o(.constdata)
    atanlo                                   0x08003b20   Data          32  atan.o(.constdata)
    aTodd                                    0x08003b40   Data          40  atan.o(.constdata)
    aTeven                                   0x08003b68   Data          48  atan.o(.constdata)
    .data                                    0x20000000   Section       20  stm32f10x_rcc.o(.data)
    APBAHBPrescTable                         0x20000000   Data          16  stm32f10x_rcc.o(.data)
    ADCPrescTable                            0x20000010   Data           4  stm32f10x_rcc.o(.data)
    .data                                    0x20000014   Section        2  serial.o(.data)
    i                                        0x20000015   Data           1  serial.o(.data)
    .data                                    0x20000016   Section        1  sw1801.o(.data)
    vibration_high_flag                      0x20000016   Data           1  sw1801.o(.data)
    .data                                    0x20000017   Section        2  adc.o(.data)
    display_type                             0x20000017   Data           1  adc.o(.data)
    wind_high_flag                           0x20000018   Data           1  adc.o(.data)
    .data                                    0x20000019   Section        5  alarm_moduel.o(.data)
    vibration_flag                           0x20000019   Data           1  alarm_moduel.o(.data)
    wind_flag                                0x2000001a   Data           1  alarm_moduel.o(.data)
    crane_accel                              0x2000001b   Data           1  alarm_moduel.o(.data)
    alarm_num                                0x2000001c   Data           1  alarm_moduel.o(.data)
    cur_alarm_flag                           0x2000001d   Data           1  alarm_moduel.o(.data)
    .bss                                     0x20000020   Section       64  serial.o(.bss)
    .bss                                     0x20000060   Section       96  libspace.o(.bss)
    HEAP                                     0x200000c0   Section      512  startup_stm32f10x_md.o(HEAP)
    Heap_Mem                                 0x200000c0   Data         512  startup_stm32f10x_md.o(HEAP)
    STACK                                    0x200002c0   Section     1024  startup_stm32f10x_md.o(STACK)
    Stack_Mem                                0x200002c0   Data        1024  startup_stm32f10x_md.o(STACK)
    __initial_sp                             0x200006c0   Data           0  startup_stm32f10x_md.o(STACK)

    Global Symbols

    Symbol Name                              Value     Ov Type        Size  Object(Section)

    BuildAttributes$$THM_ISAv4$P$D$K$B$S$PE$A:L22UL41UL21$X:L11$S22US41US21$IEEE1$IW$USESV6$~STKCKD$USESV7$~SHL$OTIME$ROPI$IEEEX$EBA8$UX$STANDARDLIB$REQ8$PRES8$EABIv2 0x00000000   Number         0  anon$$obj.o ABSOLUTE
    __ARM_use_no_argv                        0x00000000   Number         0  main.o ABSOLUTE
    __ARM_exceptions_init                     - Undefined Weak Reference
    __alloca_initialize                       - Undefined Weak Reference
    __arm_preinit_                            - Undefined Weak Reference
    __cpp_initialize__aeabi_                  - Undefined Weak Reference
    __cxa_finalize                            - Undefined Weak Reference
    __rt_locale                               - Undefined Weak Reference
    __sigvec_lookup                           - Undefined Weak Reference
    _atexit_init                              - Undefined Weak Reference
    _call_atexit_fns                          - Undefined Weak Reference
    _clock_init                               - Undefined Weak Reference
    _fp_trap_init                             - Undefined Weak Reference
    _fp_trap_shutdown                         - Undefined Weak Reference
    _get_lc_collate                           - Undefined Weak Reference
    _get_lc_ctype                             - Undefined Weak Reference
    _get_lc_monetary                          - Undefined Weak Reference
    _get_lc_numeric                           - Undefined Weak Reference
    _get_lc_time                              - Undefined Weak Reference
    _getenv_init                              - Undefined Weak Reference
    _handle_redirection                       - Undefined Weak Reference
    _init_alloc                               - Undefined Weak Reference
    _init_user_alloc                          - Undefined Weak Reference
    _initio                                   - Undefined Weak Reference
    _printf_mbtowc                            - Undefined Weak Reference
    _printf_post_padding                      - Undefined Weak Reference
    _printf_pre_padding                       - Undefined Weak Reference
    _rand_init                                - Undefined Weak Reference
    _signal_finish                            - Undefined Weak Reference
    _signal_init                              - Undefined Weak Reference
    _terminate_alloc                          - Undefined Weak Reference
    _terminate_user_alloc                     - Undefined Weak Reference
    _terminateio                              - Undefined Weak Reference
    __Vectors_Size                           0x000000ec   Number         0  startup_stm32f10x_md.o ABSOLUTE
    __Vectors                                0x08000000   Data           4  startup_stm32f10x_md.o(RESET)
    __Vectors_End                            0x080000ec   Data           0  startup_stm32f10x_md.o(RESET)
    __main                                   0x080000ed   Thumb Code     8  __main.o(!!!main)
    __scatterload                            0x080000f5   Thumb Code     0  __scatter.o(!!!scatter)
    __scatterload_rt2                        0x080000f5   Thumb Code    44  __scatter.o(!!!scatter)
    __scatterload_rt2_thumb_only             0x080000f5   Thumb Code     0  __scatter.o(!!!scatter)
    __scatterload_null                       0x08000103   Thumb Code     0  __scatter.o(!!!scatter)
    __scatterload_copy                       0x08000129   Thumb Code    26  __scatter_copy.o(!!handler_copy)
    __scatterload_zeroinit                   0x08000145   Thumb Code    28  __scatter_zi.o(!!handler_zi)
    _printf_percent                          0x08000161   Thumb Code     0  _printf_percent.o(.ARM.Collect$$_printf_percent$$00000000)
    _printf_s                                0x08000161   Thumb Code     0  _printf_s.o(.ARM.Collect$$_printf_percent$$00000014)
    _printf_percent_end                      0x08000167   Thumb Code     0  _printf_percent_end.o(.ARM.Collect$$_printf_percent$$00000017)
    __rt_lib_init                            0x0800016b   Thumb Code     0  libinit.o(.ARM.Collect$$libinit$$00000000)
    __rt_lib_init_alloca_1                   0x0800016d   Thumb Code     0  libinit2.o(.ARM.Collect$$libinit$$0000002E)
    __rt_lib_init_argv_1                     0x0800016d   Thumb Code     0  libinit2.o(.ARM.Collect$$libinit$$0000002C)
    __rt_lib_init_atexit_1                   0x0800016d   Thumb Code     0  libinit2.o(.ARM.Collect$$libinit$$0000001B)
    __rt_lib_init_clock_1                    0x0800016d   Thumb Code     0  libinit2.o(.ARM.Collect$$libinit$$00000021)
    __rt_lib_init_cpp_1                      0x0800016d   Thumb Code     0  libinit2.o(.ARM.Collect$$libinit$$00000032)
    __rt_lib_init_exceptions_1               0x0800016d   Thumb Code     0  libinit2.o(.ARM.Collect$$libinit$$00000030)
    __rt_lib_init_fp_1                       0x0800016d   Thumb Code     0  libinit2.o(.ARM.Collect$$libinit$$00000002)
    __rt_lib_init_fp_trap_1                  0x0800016d   Thumb Code     0  libinit2.o(.ARM.Collect$$libinit$$0000001F)
    __rt_lib_init_getenv_1                   0x0800016d   Thumb Code     0  libinit2.o(.ARM.Collect$$libinit$$00000023)
    __rt_lib_init_heap_1                     0x0800016d   Thumb Code     0  libinit2.o(.ARM.Collect$$libinit$$0000000A)
    __rt_lib_init_lc_collate_1               0x0800016d   Thumb Code     0  libinit2.o(.ARM.Collect$$libinit$$00000011)
    __rt_lib_init_lc_ctype_1                 0x0800016d   Thumb Code     0  libinit2.o(.ARM.Collect$$libinit$$00000013)
    __rt_lib_init_lc_monetary_1              0x0800016d   Thumb Code     0  libinit2.o(.ARM.Collect$$libinit$$00000015)
    __rt_lib_init_lc_numeric_1               0x0800016d   Thumb Code     0  libinit2.o(.ARM.Collect$$libinit$$00000017)
    __rt_lib_init_lc_time_1                  0x0800016d   Thumb Code     0  libinit2.o(.ARM.Collect$$libinit$$00000019)
    __rt_lib_init_preinit_1                  0x0800016d   Thumb Code     0  libinit2.o(.ARM.Collect$$libinit$$00000004)
    __rt_lib_init_rand_1                     0x0800016d   Thumb Code     0  libinit2.o(.ARM.Collect$$libinit$$0000000E)
    __rt_lib_init_return                     0x0800016d   Thumb Code     0  libinit2.o(.ARM.Collect$$libinit$$00000033)
    __rt_lib_init_signal_1                   0x0800016d   Thumb Code     0  libinit2.o(.ARM.Collect$$libinit$$0000001D)
    __rt_lib_init_stdio_1                    0x0800016d   Thumb Code     0  libinit2.o(.ARM.Collect$$libinit$$00000025)
    __rt_lib_init_user_alloc_1               0x0800016d   Thumb Code     0  libinit2.o(.ARM.Collect$$libinit$$0000000C)
    __rt_lib_shutdown                        0x0800016f   Thumb Code     0  libshutdown.o(.ARM.Collect$$libshutdown$$00000000)
    __rt_lib_shutdown_cpp_1                  0x08000171   Thumb Code     0  libshutdown2.o(.ARM.Collect$$libshutdown$$00000002)
    __rt_lib_shutdown_fp_trap_1              0x08000171   Thumb Code     0  libshutdown2.o(.ARM.Collect$$libshutdown$$00000007)
    __rt_lib_shutdown_heap_1                 0x08000171   Thumb Code     0  libshutdown2.o(.ARM.Collect$$libshutdown$$0000000F)
    __rt_lib_shutdown_return                 0x08000171   Thumb Code     0  libshutdown2.o(.ARM.Collect$$libshutdown$$00000010)
    __rt_lib_shutdown_signal_1               0x08000171   Thumb Code     0  libshutdown2.o(.ARM.Collect$$libshutdown$$0000000A)
    __rt_lib_shutdown_stdio_1                0x08000171   Thumb Code     0  libshutdown2.o(.ARM.Collect$$libshutdown$$00000004)
    __rt_lib_shutdown_user_alloc_1           0x08000171   Thumb Code     0  libshutdown2.o(.ARM.Collect$$libshutdown$$0000000C)
    __rt_entry                               0x08000173   Thumb Code     0  __rtentry.o(.ARM.Collect$$rtentry$$00000000)
    __rt_entry_presh_1                       0x08000173   Thumb Code     0  __rtentry2.o(.ARM.Collect$$rtentry$$00000002)
    __rt_entry_sh                            0x08000173   Thumb Code     0  __rtentry4.o(.ARM.Collect$$rtentry$$00000004)
    __rt_entry_li                            0x08000179   Thumb Code     0  __rtentry2.o(.ARM.Collect$$rtentry$$0000000A)
    __rt_entry_postsh_1                      0x08000179   Thumb Code     0  __rtentry2.o(.ARM.Collect$$rtentry$$00000009)
    __rt_entry_main                          0x0800017d   Thumb Code     0  __rtentry2.o(.ARM.Collect$$rtentry$$0000000D)
    __rt_entry_postli_1                      0x0800017d   Thumb Code     0  __rtentry2.o(.ARM.Collect$$rtentry$$0000000C)
    __rt_exit                                0x08000185   Thumb Code     0  rtexit.o(.ARM.Collect$$rtexit$$00000000)
    __rt_exit_ls                             0x08000187   Thumb Code     0  rtexit2.o(.ARM.Collect$$rtexit$$00000003)
    __rt_exit_prels_1                        0x08000187   Thumb Code     0  rtexit2.o(.ARM.Collect$$rtexit$$00000002)
    __rt_exit_exit                           0x0800018b   Thumb Code     0  rtexit2.o(.ARM.Collect$$rtexit$$00000004)
    Reset_Handler                            0x08000191   Thumb Code     8  startup_stm32f10x_md.o(.text)
    ADC1_2_IRQHandler                        0x080001ab   Thumb Code     0  startup_stm32f10x_md.o(.text)
    CAN1_RX1_IRQHandler                      0x080001ab   Thumb Code     0  startup_stm32f10x_md.o(.text)
    CAN1_SCE_IRQHandler                      0x080001ab   Thumb Code     0  startup_stm32f10x_md.o(.text)
    DMA1_Channel1_IRQHandler                 0x080001ab   Thumb Code     0  startup_stm32f10x_md.o(.text)
    DMA1_Channel2_IRQHandler                 0x080001ab   Thumb Code     0  startup_stm32f10x_md.o(.text)
    DMA1_Channel3_IRQHandler                 0x080001ab   Thumb Code     0  startup_stm32f10x_md.o(.text)
    DMA1_Channel4_IRQHandler                 0x080001ab   Thumb Code     0  startup_stm32f10x_md.o(.text)
    DMA1_Channel5_IRQHandler                 0x080001ab   Thumb Code     0  startup_stm32f10x_md.o(.text)
    DMA1_Channel6_IRQHandler                 0x080001ab   Thumb Code     0  startup_stm32f10x_md.o(.text)
    DMA1_Channel7_IRQHandler                 0x080001ab   Thumb Code     0  startup_stm32f10x_md.o(.text)
    EXTI0_IRQHandler                         0x080001ab   Thumb Code     0  startup_stm32f10x_md.o(.text)
    EXTI15_10_IRQHandler                     0x080001ab   Thumb Code     0  startup_stm32f10x_md.o(.text)
    EXTI1_IRQHandler                         0x080001ab   Thumb Code     0  startup_stm32f10x_md.o(.text)
    EXTI2_IRQHandler                         0x080001ab   Thumb Code     0  startup_stm32f10x_md.o(.text)
    EXTI3_IRQHandler                         0x080001ab   Thumb Code     0  startup_stm32f10x_md.o(.text)
    EXTI4_IRQHandler                         0x080001ab   Thumb Code     0  startup_stm32f10x_md.o(.text)
    EXTI9_5_IRQHandler                       0x080001ab   Thumb Code     0  startup_stm32f10x_md.o(.text)
    FLASH_IRQHandler                         0x080001ab   Thumb Code     0  startup_stm32f10x_md.o(.text)
    I2C1_ER_IRQHandler                       0x080001ab   Thumb Code     0  startup_stm32f10x_md.o(.text)
    I2C1_EV_IRQHandler                       0x080001ab   Thumb Code     0  startup_stm32f10x_md.o(.text)
    I2C2_ER_IRQHandler                       0x080001ab   Thumb Code     0  startup_stm32f10x_md.o(.text)
    I2C2_EV_IRQHandler                       0x080001ab   Thumb Code     0  startup_stm32f10x_md.o(.text)
    PVD_IRQHandler                           0x080001ab   Thumb Code     0  startup_stm32f10x_md.o(.text)
    RCC_IRQHandler                           0x080001ab   Thumb Code     0  startup_stm32f10x_md.o(.text)
    RTCAlarm_IRQHandler                      0x080001ab   Thumb Code     0  startup_stm32f10x_md.o(.text)
    RTC_IRQHandler                           0x080001ab   Thumb Code     0  startup_stm32f10x_md.o(.text)
    SPI1_IRQHandler                          0x080001ab   Thumb Code     0  startup_stm32f10x_md.o(.text)
    SPI2_IRQHandler                          0x080001ab   Thumb Code     0  startup_stm32f10x_md.o(.text)
    TAMPER_IRQHandler                        0x080001ab   Thumb Code     0  startup_stm32f10x_md.o(.text)
    TIM1_BRK_IRQHandler                      0x080001ab   Thumb Code     0  startup_stm32f10x_md.o(.text)
    TIM1_CC_IRQHandler                       0x080001ab   Thumb Code     0  startup_stm32f10x_md.o(.text)
    TIM1_TRG_COM_IRQHandler                  0x080001ab   Thumb Code     0  startup_stm32f10x_md.o(.text)
    TIM1_UP_IRQHandler                       0x080001ab   Thumb Code     0  startup_stm32f10x_md.o(.text)
    TIM2_IRQHandler                          0x080001ab   Thumb Code     0  startup_stm32f10x_md.o(.text)
    TIM3_IRQHandler                          0x080001ab   Thumb Code     0  startup_stm32f10x_md.o(.text)
    TIM4_IRQHandler                          0x080001ab   Thumb Code     0  startup_stm32f10x_md.o(.text)
    USART2_IRQHandler                        0x080001ab   Thumb Code     0  startup_stm32f10x_md.o(.text)
    USART3_IRQHandler                        0x080001ab   Thumb Code     0  startup_stm32f10x_md.o(.text)
    USBWakeUp_IRQHandler                     0x080001ab   Thumb Code     0  startup_stm32f10x_md.o(.text)
    USB_HP_CAN1_TX_IRQHandler                0x080001ab   Thumb Code     0  startup_stm32f10x_md.o(.text)
    USB_LP_CAN1_RX0_IRQHandler               0x080001ab   Thumb Code     0  startup_stm32f10x_md.o(.text)
    WWDG_IRQHandler                          0x080001ab   Thumb Code     0  startup_stm32f10x_md.o(.text)
    __user_initial_stackheap                 0x080001ad   Thumb Code     0  startup_stm32f10x_md.o(.text)
    __2sprintf                               0x080001d1   Thumb Code    34  noretval__2sprintf.o(.text)
    __printf                                 0x080001f9   Thumb Code   104  __printf.o(.text)
    _printf_str                              0x08000261   Thumb Code    82  _printf_str.o(.text)
    __use_two_region_memory                  0x080002b3   Thumb Code     2  heapauxi.o(.text)
    __rt_heap_escrow$2region                 0x080002b5   Thumb Code     2  heapauxi.o(.text)
    __rt_heap_expand$2region                 0x080002b7   Thumb Code     2  heapauxi.o(.text)
    __read_errno                             0x080002b9   Thumb Code    10  _rserrno.o(.text)
    __set_errno                              0x080002c3   Thumb Code    12  _rserrno.o(.text)
    _printf_char_common                      0x080002db   Thumb Code    32  _printf_char_common.o(.text)
    _sputc                                   0x08000301   Thumb Code    10  _sputc.o(.text)
    _printf_cs_common                        0x0800030b   Thumb Code    20  _printf_char.o(.text)
    _printf_char                             0x0800031f   Thumb Code    16  _printf_char.o(.text)
    _printf_string                           0x0800032f   Thumb Code     8  _printf_char.o(.text)
    __aeabi_errno_addr                       0x08000339   Thumb Code     8  rt_errno_addr_intlibspace.o(.text)
    __errno$intlibspace                      0x08000339   Thumb Code     0  rt_errno_addr_intlibspace.o(.text)
    __rt_errno_addr$intlibspace              0x08000339   Thumb Code     0  rt_errno_addr_intlibspace.o(.text)
    __user_libspace                          0x08000341   Thumb Code     8  libspace.o(.text)
    __user_perproc_libspace                  0x08000341   Thumb Code     0  libspace.o(.text)
    __user_perthread_libspace                0x08000341   Thumb Code     0  libspace.o(.text)
    __user_setup_stackheap                   0x08000349   Thumb Code    74  sys_stackheap_outer.o(.text)
    exit                                     0x08000393   Thumb Code    18  exit.o(.text)
    _sys_exit                                0x080003a5   Thumb Code     8  sys_exit.o(.text)
    __I$use$semihosting                      0x080003b1   Thumb Code     0  use_no_semi.o(.text)
    __use_no_semihosting_swi                 0x080003b1   Thumb Code     2  use_no_semi.o(.text)
    __semihosting_library_function           0x080003b3   Thumb Code     0  indicate_semi.o(.text)
    ADC1_Init                                0x080003b5   Thumb Code   144  adc.o(i.ADC1_Init)
    ADC_Cmd                                  0x0800044d   Thumb Code    22  stm32f10x_adc.o(i.ADC_Cmd)
    ADC_GetCalibrationStatus                 0x08000463   Thumb Code    20  stm32f10x_adc.o(i.ADC_GetCalibrationStatus)
    ADC_GetConversionValue                   0x08000477   Thumb Code     8  stm32f10x_adc.o(i.ADC_GetConversionValue)
    ADC_GetFlagStatus                        0x0800047f   Thumb Code    18  stm32f10x_adc.o(i.ADC_GetFlagStatus)
    ADC_GetResetCalibrationStatus            0x08000491   Thumb Code    20  stm32f10x_adc.o(i.ADC_GetResetCalibrationStatus)
    ADC_Init                                 0x080004a5   Thumb Code    70  stm32f10x_adc.o(i.ADC_Init)
    ADC_RegularChannelConfig                 0x080004f5   Thumb Code   184  stm32f10x_adc.o(i.ADC_RegularChannelConfig)
    ADC_ResetCalibration                     0x080005ad   Thumb Code    10  stm32f10x_adc.o(i.ADC_ResetCalibration)
    ADC_SoftwareStartConvCmd                 0x080005b7   Thumb Code    22  stm32f10x_adc.o(i.ADC_SoftwareStartConvCmd)
    ADXL345_init                             0x080005cd   Thumb Code    80  adxl345.o(i.ADXL345_init)
    ADXL345_read_average                     0x0800061d   Thumb Code   130  adxl345.o(i.ADXL345_read_average)
    ADXL345_read_data                        0x0800069f   Thumb Code   142  adxl345.o(i.ADXL345_read_data)
    ADXL345_read_reg                         0x0800072d   Thumb Code    78  adxl345.o(i.ADXL345_read_reg)
    ADXL345_write_reg                        0x0800077b   Thumb Code    66  adxl345.o(i.ADXL345_write_reg)
    AD_GetValue                              0x080007bd   Thumb Code    32  adc.o(i.AD_GetValue)
    BUZZER_Init                              0x080007e1   Thumb Code    50  buzzer.o(i.BUZZER_Init)
    BUZZER_Off                               0x08000819   Thumb Code    14  buzzer.o(i.BUZZER_Off)
    BUZZER_On                                0x0800082d   Thumb Code    14  buzzer.o(i.BUZZER_On)
    BusFault_Handler                         0x08000841   Thumb Code     4  stm32f10x_it.o(i.BusFault_Handler)
    DebugMon_Handler                         0x08000845   Thumb Code     2  stm32f10x_it.o(i.DebugMon_Handler)
    Delay_ms                                 0x08000847   Thumb Code    24  delay.o(i.Delay_ms)
    Delay_us                                 0x0800085f   Thumb Code    46  delay.o(i.Delay_us)
    Display_Angle_Value                      0x0800088d   Thumb Code    74  adxl345.o(i.Display_Angle_Value)
    Display_temperature_humidity             0x080008d9   Thumb Code    48  serial.o(i.Display_temperature_humidity)
    Display_wind_force                       0x08000919   Thumb Code   136  adc.o(i.Display_wind_force)
    GPIO_Init                                0x080009b1   Thumb Code   278  stm32f10x_gpio.o(i.GPIO_Init)
    GPIO_ReadInputDataBit                    0x08000ac7   Thumb Code    18  stm32f10x_gpio.o(i.GPIO_ReadInputDataBit)
    GPIO_ResetBits                           0x08000ad9   Thumb Code     4  stm32f10x_gpio.o(i.GPIO_ResetBits)
    GPIO_SetBits                             0x08000add   Thumb Code     4  stm32f10x_gpio.o(i.GPIO_SetBits)
    GPIO_WriteBit                            0x08000ae1   Thumb Code    10  stm32f10x_gpio.o(i.GPIO_WriteBit)
    Get_Angle_Value                          0x08000aed   Thumb Code   288  adxl345.o(i.Get_Angle_Value)
    Get_Wind_Force                           0x08000c19   Thumb Code   140  adc.o(i.Get_Wind_Force)
    Get_temperature_humidity                 0x08000cbd   Thumb Code    58  serial.o(i.Get_temperature_humidity)
    Get_vibration_value                      0x08000d09   Thumb Code    66  sw1801.o(i.Get_vibration_value)
    HardFault_Handler                        0x08000d55   Thumb Code     4  stm32f10x_it.o(i.HardFault_Handler)
    IIC_ack                                  0x08000d69   Thumb Code    56  iic.o(i.IIC_ack)
    IIC_init                                 0x08000da5   Thumb Code    60  iic.o(i.IIC_init)
    IIC_noack                                0x08000de5   Thumb Code    46  iic.o(i.IIC_noack)
    IIC_read_byte                            0x08000e19   Thumb Code    84  iic.o(i.IIC_read_byte)
    IIC_send_byte                            0x08000e71   Thumb Code    94  iic.o(i.IIC_send_byte)
    IIC_start                                0x08000ed5   Thumb Code    52  iic.o(i.IIC_start)
    IIC_stop                                 0x08000f0d   Thumb Code    34  iic.o(i.IIC_stop)
    IIC_wait_ack                             0x08000f35   Thumb Code    64  iic.o(i.IIC_wait_ack)
    MemManage_Handler                        0x08000f79   Thumb Code     4  stm32f10x_it.o(i.MemManage_Handler)
    NMI_Handler                              0x08000f7d   Thumb Code     2  stm32f10x_it.o(i.NMI_Handler)
    NVIC_Init                                0x08000f81   Thumb Code   100  misc.o(i.NVIC_Init)
    NVIC_PriorityGroupConfig                 0x08000ff1   Thumb Code    10  misc.o(i.NVIC_PriorityGroupConfig)
    OLED_Clear                               0x08001005   Thumb Code    42  oled.o(i.OLED_Clear)
    OLED_I2C_Init                            0x08001031   Thumb Code    76  oled.o(i.OLED_I2C_Init)
    OLED_I2C_SendByte                        0x08001081   Thumb Code    80  oled.o(i.OLED_I2C_SendByte)
    OLED_I2C_Start                           0x080010d5   Thumb Code    48  oled.o(i.OLED_I2C_Start)
    OLED_I2C_Stop                            0x08001109   Thumb Code    36  oled.o(i.OLED_I2C_Stop)
    OLED_Init                                0x08001131   Thumb Code   174  oled.o(i.OLED_Init)
    OLED_Pow                                 0x080011df   Thumb Code    20  oled.o(i.OLED_Pow)
    OLED_SetCursor                           0x080011f3   Thumb Code    34  oled.o(i.OLED_SetCursor)
    OLED_ShowChar                            0x08001215   Thumb Code   110  oled.o(i.OLED_ShowChar)
    OLED_ShowNum                             0x08001289   Thumb Code    68  oled.o(i.OLED_ShowNum)
    OLED_ShowSignedNum                       0x080012cd   Thumb Code   102  oled.o(i.OLED_ShowSignedNum)
    OLED_ShowString                          0x08001333   Thumb Code    80  oled.o(i.OLED_ShowString)
    OLED_WriteCommand                        0x08001383   Thumb Code    32  oled.o(i.OLED_WriteCommand)
    OLED_WriteData                           0x080013a3   Thumb Code    32  oled.o(i.OLED_WriteData)
    PendSV_Handler                           0x080013c3   Thumb Code     2  stm32f10x_it.o(i.PendSV_Handler)
    RCC_APB2PeriphClockCmd                   0x080013c5   Thumb Code    26  stm32f10x_rcc.o(i.RCC_APB2PeriphClockCmd)
    RCC_GetClocksFreq                        0x080013e5   Thumb Code   192  stm32f10x_rcc.o(i.RCC_GetClocksFreq)
    SVC_Handler                              0x080014b9   Thumb Code     2  stm32f10x_it.o(i.SVC_Handler)
    SW1801_Init                              0x080014bd   Thumb Code    38  sw1801.o(i.SW1801_Init)
    Serial_RxData_clear                      0x080014e9   Thumb Code    20  serial.o(i.Serial_RxData_clear)
    Set_IIC_SDA_IN                           0x080015e9   Thumb Code    34  iic.o(i.Set_IIC_SDA_IN)
    Set_IIC_SDA_OUT                          0x08001611   Thumb Code    40  iic.o(i.Set_IIC_SDA_OUT)
    SysTick_Handler                          0x0800163d   Thumb Code     2  stm32f10x_it.o(i.SysTick_Handler)
    SystemInit                               0x08001641   Thumb Code    78  system_stm32f10x.o(i.SystemInit)
    USART1_IRQHandler                        0x080016a1   Thumb Code   144  serial.o(i.USART1_IRQHandler)
    USART1_Send_Char                         0x08001741   Thumb Code    28  serial.o(i.USART1_Send_Char)
    USART1_Send_String                       0x08001761   Thumb Code    22  serial.o(i.USART1_Send_String)
    USART1_init                              0x08001779   Thumb Code   174  serial.o(i.USART1_init)
    USART_ClearITPendingBit                  0x08001831   Thumb Code    30  stm32f10x_usart.o(i.USART_ClearITPendingBit)
    USART_Cmd                                0x0800184f   Thumb Code    24  stm32f10x_usart.o(i.USART_Cmd)
    USART_GetFlagStatus                      0x08001867   Thumb Code    26  stm32f10x_usart.o(i.USART_GetFlagStatus)
    USART_GetITStatus                        0x08001881   Thumb Code    84  stm32f10x_usart.o(i.USART_GetITStatus)
    USART_ITConfig                           0x080018d5   Thumb Code    74  stm32f10x_usart.o(i.USART_ITConfig)
    USART_Init                               0x08001921   Thumb Code   210  stm32f10x_usart.o(i.USART_Init)
    USART_ReceiveData                        0x080019f9   Thumb Code    10  stm32f10x_usart.o(i.USART_ReceiveData)
    USART_SendData                           0x08001a03   Thumb Code     8  stm32f10x_usart.o(i.USART_SendData)
    UsageFault_Handler                       0x08001a0b   Thumb Code     4  stm32f10x_it.o(i.UsageFault_Handler)
    Wind_Force_Level_Display                 0x08001a11   Thumb Code   630  adc.o(i.Wind_Force_Level_Display)
    __ARM_fpclassify                         0x08001d6d   Thumb Code    40  fpclassify.o(i.__ARM_fpclassify)
    __kernel_poly                            0x08001d95   Thumb Code   170  poly.o(i.__kernel_poly)
    __mathlib_dbl_infnan                     0x08001e3f   Thumb Code     6  dunder.o(i.__mathlib_dbl_infnan)
    __mathlib_dbl_underflow                  0x08001e45   Thumb Code    10  dunder.o(i.__mathlib_dbl_underflow)
    alarm_process                            0x08001e55   Thumb Code   160  alarm_moduel.o(i.alarm_process)
    atan                                     0x08001f45   Thumb Code   474  atan.o(i.atan)
    key_Init                                 0x08002165   Thumb Code    38  key.o(i.key_Init)
    key_scan                                 0x08002191   Thumb Code    54  key.o(i.key_scan)
    main                                     0x080021cd   Thumb Code   124  main.o(i.main)
    set_alarm                                0x08002259   Thumb Code    82  alarm_moduel.o(i.set_alarm)
    sqrt                                     0x080022bd   Thumb Code    76  sqrt.o(i.sqrt)
    __aeabi_d2f                              0x08002309   Thumb Code     0  d2f.o(x$fpl$d2f)
    _d2f                                     0x08002309   Thumb Code    98  d2f.o(x$fpl$d2f)
    __aeabi_dadd                             0x0800236d   Thumb Code     0  daddsub_clz.o(x$fpl$dadd)
    _dadd                                    0x0800236d   Thumb Code   332  daddsub_clz.o(x$fpl$dadd)
    __fpl_dcheck_NaN1                        0x080024bd   Thumb Code    10  dcheck1.o(x$fpl$dcheck1)
    __fpl_dcmp_Inf                           0x080024cd   Thumb Code    24  dcmpi.o(x$fpl$dcmpinf)
    __aeabi_ddiv                             0x080024e5   Thumb Code     0  ddiv.o(x$fpl$ddiv)
    _ddiv                                    0x080024e5   Thumb Code   552  ddiv.o(x$fpl$ddiv)
    __aeabi_i2d                              0x08002795   Thumb Code     0  dflt_clz.o(x$fpl$dflt)
    _dflt                                    0x08002795   Thumb Code    46  dflt_clz.o(x$fpl$dflt)
    __aeabi_cdcmple                          0x080027c5   Thumb Code     0  dleqf.o(x$fpl$dleqf)
    _dcmple                                  0x080027c5   Thumb Code   120  dleqf.o(x$fpl$dleqf)
    __fpl_dcmple_InfNaN                      0x08002827   Thumb Code     0  dleqf.o(x$fpl$dleqf)
    __aeabi_dmul                             0x0800283d   Thumb Code     0  dmul.o(x$fpl$dmul)
    _dmul                                    0x0800283d   Thumb Code   332  dmul.o(x$fpl$dmul)
    __fpl_dnaninf                            0x08002991   Thumb Code   156  dnaninf.o(x$fpl$dnaninf)
    __fpl_dretinf                            0x08002a2d   Thumb Code    12  dretinf.o(x$fpl$dretinf)
    __aeabi_cdrcmple                         0x08002a39   Thumb Code     0  drleqf.o(x$fpl$drleqf)
    _drcmple                                 0x08002a39   Thumb Code   108  drleqf.o(x$fpl$drleqf)
    __aeabi_drsub                            0x08002aa5   Thumb Code     0  daddsub_clz.o(x$fpl$drsb)
    _drsb                                    0x08002aa5   Thumb Code    22  daddsub_clz.o(x$fpl$drsb)
    _dsqrt                                   0x08002abd   Thumb Code   456  dsqrt_noumaal.o(x$fpl$dsqrt)
    __aeabi_dsub                             0x08002c89   Thumb Code     0  daddsub_clz.o(x$fpl$dsub)
    _dsub                                    0x08002c89   Thumb Code   464  daddsub_clz.o(x$fpl$dsub)
    __aeabi_f2d                              0x08002e5d   Thumb Code     0  f2d.o(x$fpl$f2d)
    _f2d                                     0x08002e5d   Thumb Code    86  f2d.o(x$fpl$f2d)
    __aeabi_fadd                             0x08002eb5   Thumb Code     0  faddsub_clz.o(x$fpl$fadd)
    _fadd                                    0x08002eb5   Thumb Code   196  faddsub_clz.o(x$fpl$fadd)
    __aeabi_fdiv                             0x08002f79   Thumb Code     0  fdiv.o(x$fpl$fdiv)
    _fdiv                                    0x08002f79   Thumb Code   384  fdiv.o(x$fpl$fdiv)
    __aeabi_f2iz                             0x080030fd   Thumb Code     0  ffix.o(x$fpl$ffix)
    _ffix                                    0x080030fd   Thumb Code    54  ffix.o(x$fpl$ffix)
    __aeabi_f2uiz                            0x08003135   Thumb Code     0  ffixu.o(x$fpl$ffixu)
    _ffixu                                   0x08003135   Thumb Code    62  ffixu.o(x$fpl$ffixu)
    __aeabi_ui2f                             0x08003175   Thumb Code     0  fflt_clz.o(x$fpl$ffltu)
    _ffltu                                   0x08003175   Thumb Code    38  fflt_clz.o(x$fpl$ffltu)
    __aeabi_fmul                             0x0800319d   Thumb Code     0  fmul.o(x$fpl$fmul)
    _fmul                                    0x0800319d   Thumb Code   258  fmul.o(x$fpl$fmul)
    __fpl_fnaninf                            0x0800329f   Thumb Code   140  fnaninf.o(x$fpl$fnaninf)
    __fpl_fretinf                            0x0800332b   Thumb Code    10  fretinf.o(x$fpl$fretinf)
    __aeabi_fsub                             0x08003335   Thumb Code     0  faddsub_clz.o(x$fpl$fsub)
    _fsub                                    0x08003335   Thumb Code   234  faddsub_clz.o(x$fpl$fsub)
    __fpl_return_NaN                         0x0800341f   Thumb Code   100  retnan.o(x$fpl$retnan)
    __ARM_scalbn                             0x08003483   Thumb Code    92  scalbn.o(x$fpl$scalbn)
    __fpl_cmpreturn                          0x080034df   Thumb Code    48  trapv.o(x$fpl$trapveneer)
    OLED_F8x16                               0x0800350e   Data        1520  oled.o(.constdata)
    __I$use$fp                               0x0800350e   Number         0  usenofp.o(x$fpl$usenofp)
    Region$$Table$$Base                      0x08003b98   Number         0  anon$$obj.o(Region$$Table)
    Region$$Table$$Limit                     0x08003bb8   Number         0  anon$$obj.o(Region$$Table)
    Serial_RxFlag                            0x20000014   Data           1  serial.o(.data)
    Serial_RxData                            0x20000020   Data          64  serial.o(.bss)
    __libspace_start                         0x20000060   Data          96  libspace.o(.bss)
    __temporary_stack_top$libspace           0x200000c0   Data           0  libspace.o(.bss)



==============================================================================

Memory Map of the image

  Image Entry point : 0x080000ed

  Load Region LR_IROM1 (Base: 0x08000000, Size: 0x00003bd8, Max: 0x00010000, ABSOLUTE)

    Execution Region ER_IROM1 (Exec base: 0x08000000, Load base: 0x08000000, Size: 0x00003bb8, Max: 0x00010000, ABSOLUTE)

    Exec Addr    Load Addr    Size         Type   Attr      Idx    E Section Name        Object

    0x08000000   0x08000000   0x000000ec   Data   RO            3    RESET               startup_stm32f10x_md.o
    0x080000ec   0x080000ec   0x00000008   Code   RO         3800  * !!!main             c_w.l(__main.o)
    0x080000f4   0x080000f4   0x00000034   Code   RO         4082    !!!scatter          c_w.l(__scatter.o)
    0x08000128   0x08000128   0x0000001a   Code   RO         4084    !!handler_copy      c_w.l(__scatter_copy.o)
    0x08000142   0x08000142   0x00000002   PAD
    0x08000144   0x08000144   0x0000001c   Code   RO         4086    !!handler_zi        c_w.l(__scatter_zi.o)
    0x08000160   0x08000160   0x00000000   Code   RO         3797    .ARM.Collect$$_printf_percent$$00000000  c_w.l(_printf_percent.o)
    0x08000160   0x08000160   0x00000006   Code   RO         3796    .ARM.Collect$$_printf_percent$$00000014  c_w.l(_printf_s.o)
    0x08000166   0x08000166   0x00000004   Code   RO         3875    .ARM.Collect$$_printf_percent$$00000017  c_w.l(_printf_percent_end.o)
    0x0800016a   0x0800016a   0x00000002   Code   RO         3951    .ARM.Collect$$libinit$$00000000  c_w.l(libinit.o)
    0x0800016c   0x0800016c   0x00000000   Code   RO         3957    .ARM.Collect$$libinit$$00000002  c_w.l(libinit2.o)
    0x0800016c   0x0800016c   0x00000000   Code   RO         3959    .ARM.Collect$$libinit$$00000004  c_w.l(libinit2.o)
    0x0800016c   0x0800016c   0x00000000   Code   RO         3962    .ARM.Collect$$libinit$$0000000A  c_w.l(libinit2.o)
    0x0800016c   0x0800016c   0x00000000   Code   RO         3964    .ARM.Collect$$libinit$$0000000C  c_w.l(libinit2.o)
    0x0800016c   0x0800016c   0x00000000   Code   RO         3966    .ARM.Collect$$libinit$$0000000E  c_w.l(libinit2.o)
    0x0800016c   0x0800016c   0x00000000   Code   RO         3969    .ARM.Collect$$libinit$$00000011  c_w.l(libinit2.o)
    0x0800016c   0x0800016c   0x00000000   Code   RO         3971    .ARM.Collect$$libinit$$00000013  c_w.l(libinit2.o)
    0x0800016c   0x0800016c   0x00000000   Code   RO         3973    .ARM.Collect$$libinit$$00000015  c_w.l(libinit2.o)
    0x0800016c   0x0800016c   0x00000000   Code   RO         3975    .ARM.Collect$$libinit$$00000017  c_w.l(libinit2.o)
    0x0800016c   0x0800016c   0x00000000   Code   RO         3977    .ARM.Collect$$libinit$$00000019  c_w.l(libinit2.o)
    0x0800016c   0x0800016c   0x00000000   Code   RO         3979    .ARM.Collect$$libinit$$0000001B  c_w.l(libinit2.o)
    0x0800016c   0x0800016c   0x00000000   Code   RO         3981    .ARM.Collect$$libinit$$0000001D  c_w.l(libinit2.o)
    0x0800016c   0x0800016c   0x00000000   Code   RO         3983    .ARM.Collect$$libinit$$0000001F  c_w.l(libinit2.o)
    0x0800016c   0x0800016c   0x00000000   Code   RO         3985    .ARM.Collect$$libinit$$00000021  c_w.l(libinit2.o)
    0x0800016c   0x0800016c   0x00000000   Code   RO         3987    .ARM.Collect$$libinit$$00000023  c_w.l(libinit2.o)
    0x0800016c   0x0800016c   0x00000000   Code   RO         3989    .ARM.Collect$$libinit$$00000025  c_w.l(libinit2.o)
    0x0800016c   0x0800016c   0x00000000   Code   RO         3993    .ARM.Collect$$libinit$$0000002C  c_w.l(libinit2.o)
    0x0800016c   0x0800016c   0x00000000   Code   RO         3995    .ARM.Collect$$libinit$$0000002E  c_w.l(libinit2.o)
    0x0800016c   0x0800016c   0x00000000   Code   RO         3997    .ARM.Collect$$libinit$$00000030  c_w.l(libinit2.o)
    0x0800016c   0x0800016c   0x00000000   Code   RO         3999    .ARM.Collect$$libinit$$00000032  c_w.l(libinit2.o)
    0x0800016c   0x0800016c   0x00000002   Code   RO         4000    .ARM.Collect$$libinit$$00000033  c_w.l(libinit2.o)
    0x0800016e   0x0800016e   0x00000002   Code   RO         4022    .ARM.Collect$$libshutdown$$00000000  c_w.l(libshutdown.o)
    0x08000170   0x08000170   0x00000000   Code   RO         4035    .ARM.Collect$$libshutdown$$00000002  c_w.l(libshutdown2.o)
    0x08000170   0x08000170   0x00000000   Code   RO         4037    .ARM.Collect$$libshutdown$$00000004  c_w.l(libshutdown2.o)
    0x08000170   0x08000170   0x00000000   Code   RO         4040    .ARM.Collect$$libshutdown$$00000007  c_w.l(libshutdown2.o)
    0x08000170   0x08000170   0x00000000   Code   RO         4043    .ARM.Collect$$libshutdown$$0000000A  c_w.l(libshutdown2.o)
    0x08000170   0x08000170   0x00000000   Code   RO         4045    .ARM.Collect$$libshutdown$$0000000C  c_w.l(libshutdown2.o)
    0x08000170   0x08000170   0x00000000   Code   RO         4048    .ARM.Collect$$libshutdown$$0000000F  c_w.l(libshutdown2.o)
    0x08000170   0x08000170   0x00000002   Code   RO         4049    .ARM.Collect$$libshutdown$$00000010  c_w.l(libshutdown2.o)
    0x08000172   0x08000172   0x00000000   Code   RO         3866    .ARM.Collect$$rtentry$$00000000  c_w.l(__rtentry.o)
    0x08000172   0x08000172   0x00000000   Code   RO         3916    .ARM.Collect$$rtentry$$00000002  c_w.l(__rtentry2.o)
    0x08000172   0x08000172   0x00000006   Code   RO         3928    .ARM.Collect$$rtentry$$00000004  c_w.l(__rtentry4.o)
    0x08000178   0x08000178   0x00000000   Code   RO         3918    .ARM.Collect$$rtentry$$00000009  c_w.l(__rtentry2.o)
    0x08000178   0x08000178   0x00000004   Code   RO         3919    .ARM.Collect$$rtentry$$0000000A  c_w.l(__rtentry2.o)
    0x0800017c   0x0800017c   0x00000000   Code   RO         3921    .ARM.Collect$$rtentry$$0000000C  c_w.l(__rtentry2.o)
    0x0800017c   0x0800017c   0x00000008   Code   RO         3922    .ARM.Collect$$rtentry$$0000000D  c_w.l(__rtentry2.o)
    0x08000184   0x08000184   0x00000002   Code   RO         3954    .ARM.Collect$$rtexit$$00000000  c_w.l(rtexit.o)
    0x08000186   0x08000186   0x00000000   Code   RO         4004    .ARM.Collect$$rtexit$$00000002  c_w.l(rtexit2.o)
    0x08000186   0x08000186   0x00000004   Code   RO         4005    .ARM.Collect$$rtexit$$00000003  c_w.l(rtexit2.o)
    0x0800018a   0x0800018a   0x00000006   Code   RO         4006    .ARM.Collect$$rtexit$$00000004  c_w.l(rtexit2.o)
    0x08000190   0x08000190   0x00000040   Code   RO            4    .text               startup_stm32f10x_md.o
    0x080001d0   0x080001d0   0x00000028   Code   RO         3770    .text               c_w.l(noretval__2sprintf.o)
    0x080001f8   0x080001f8   0x00000068   Code   RO         3772    .text               c_w.l(__printf.o)
    0x08000260   0x08000260   0x00000052   Code   RO         3774    .text               c_w.l(_printf_str.o)
    0x080002b2   0x080002b2   0x00000006   Code   RO         3798    .text               c_w.l(heapauxi.o)
    0x080002b8   0x080002b8   0x00000016   Code   RO         3867    .text               c_w.l(_rserrno.o)
    0x080002ce   0x080002ce   0x00000002   PAD
    0x080002d0   0x080002d0   0x00000030   Code   RO         3869    .text               c_w.l(_printf_char_common.o)
    0x08000300   0x08000300   0x0000000a   Code   RO         3871    .text               c_w.l(_sputc.o)
    0x0800030a   0x0800030a   0x0000002c   Code   RO         3873    .text               c_w.l(_printf_char.o)
    0x08000336   0x08000336   0x00000002   PAD
    0x08000338   0x08000338   0x00000008   Code   RO         3933    .text               c_w.l(rt_errno_addr_intlibspace.o)
    0x08000340   0x08000340   0x00000008   Code   RO         3939    .text               c_w.l(libspace.o)
    0x08000348   0x08000348   0x0000004a   Code   RO         3942    .text               c_w.l(sys_stackheap_outer.o)
    0x08000392   0x08000392   0x00000012   Code   RO         3944    .text               c_w.l(exit.o)
    0x080003a4   0x080003a4   0x0000000c   Code   RO         4014    .text               c_w.l(sys_exit.o)
    0x080003b0   0x080003b0   0x00000002   Code   RO         4025    .text               c_w.l(use_no_semi.o)
    0x080003b2   0x080003b2   0x00000000   Code   RO         4027    .text               c_w.l(indicate_semi.o)
    0x080003b2   0x080003b2   0x00000002   PAD
    0x080003b4   0x080003b4   0x00000098   Code   RO         3544    i.ADC1_Init         adc.o
    0x0800044c   0x0800044c   0x00000016   Code   RO          202    i.ADC_Cmd           stm32f10x_adc.o
    0x08000462   0x08000462   0x00000014   Code   RO          210    i.ADC_GetCalibrationStatus  stm32f10x_adc.o
    0x08000476   0x08000476   0x00000008   Code   RO          211    i.ADC_GetConversionValue  stm32f10x_adc.o
    0x0800047e   0x0800047e   0x00000012   Code   RO          213    i.ADC_GetFlagStatus  stm32f10x_adc.o
    0x08000490   0x08000490   0x00000014   Code   RO          216    i.ADC_GetResetCalibrationStatus  stm32f10x_adc.o
    0x080004a4   0x080004a4   0x00000050   Code   RO          220    i.ADC_Init          stm32f10x_adc.o
    0x080004f4   0x080004f4   0x000000b8   Code   RO          224    i.ADC_RegularChannelConfig  stm32f10x_adc.o
    0x080005ac   0x080005ac   0x0000000a   Code   RO          225    i.ADC_ResetCalibration  stm32f10x_adc.o
    0x080005b6   0x080005b6   0x00000016   Code   RO          227    i.ADC_SoftwareStartConvCmd  stm32f10x_adc.o
    0x080005cc   0x080005cc   0x00000050   Code   RO         3593    i.ADXL345_init      adxl345.o
    0x0800061c   0x0800061c   0x00000082   Code   RO         3594    i.ADXL345_read_average  adxl345.o
    0x0800069e   0x0800069e   0x0000008e   Code   RO         3595    i.ADXL345_read_data  adxl345.o
    0x0800072c   0x0800072c   0x0000004e   Code   RO         3596    i.ADXL345_read_reg  adxl345.o
    0x0800077a   0x0800077a   0x00000042   Code   RO         3597    i.ADXL345_write_reg  adxl345.o
    0x080007bc   0x080007bc   0x00000024   Code   RO         3545    i.AD_GetValue       adc.o
    0x080007e0   0x080007e0   0x00000038   Code   RO         3497    i.BUZZER_Init       buzzer.o
    0x08000818   0x08000818   0x00000014   Code   RO         3498    i.BUZZER_Off        buzzer.o
    0x0800082c   0x0800082c   0x00000014   Code   RO         3499    i.BUZZER_On         buzzer.o
    0x08000840   0x08000840   0x00000004   Code   RO         3262    i.BusFault_Handler  stm32f10x_it.o
    0x08000844   0x08000844   0x00000002   Code   RO         3263    i.DebugMon_Handler  stm32f10x_it.o
    0x08000846   0x08000846   0x00000018   Code   RO         3196    i.Delay_ms          delay.o
    0x0800085e   0x0800085e   0x0000002e   Code   RO         3198    i.Delay_us          delay.o
    0x0800088c   0x0800088c   0x0000004a   Code   RO         3598    i.Display_Angle_Value  adxl345.o
    0x080008d6   0x080008d6   0x00000002   PAD
    0x080008d8   0x080008d8   0x00000040   Code   RO         3433    i.Display_temperature_humidity  serial.o
    0x08000918   0x08000918   0x00000098   Code   RO         3546    i.Display_wind_force  adc.o
    0x080009b0   0x080009b0   0x00000116   Code   RO         1347    i.GPIO_Init         stm32f10x_gpio.o
    0x08000ac6   0x08000ac6   0x00000012   Code   RO         1351    i.GPIO_ReadInputDataBit  stm32f10x_gpio.o
    0x08000ad8   0x08000ad8   0x00000004   Code   RO         1354    i.GPIO_ResetBits    stm32f10x_gpio.o
    0x08000adc   0x08000adc   0x00000004   Code   RO         1355    i.GPIO_SetBits      stm32f10x_gpio.o
    0x08000ae0   0x08000ae0   0x0000000a   Code   RO         1358    i.GPIO_WriteBit     stm32f10x_gpio.o
    0x08000aea   0x08000aea   0x00000002   PAD
    0x08000aec   0x08000aec   0x0000012c   Code   RO         3599    i.Get_Angle_Value   adxl345.o
    0x08000c18   0x08000c18   0x000000a4   Code   RO         3547    i.Get_Wind_Force    adc.o
    0x08000cbc   0x08000cbc   0x0000004c   Code   RO         3434    i.Get_temperature_humidity  serial.o
    0x08000d08   0x08000d08   0x0000004c   Code   RO         3521    i.Get_vibration_value  sw1801.o
    0x08000d54   0x08000d54   0x00000004   Code   RO         3264    i.HardFault_Handler  stm32f10x_it.o
    0x08000d58   0x08000d58   0x0000000e   Code   RO         3651    i.IIC_Delay         iic.o
    0x08000d66   0x08000d66   0x00000002   PAD
    0x08000d68   0x08000d68   0x0000003c   Code   RO         3652    i.IIC_ack           iic.o
    0x08000da4   0x08000da4   0x00000040   Code   RO         3653    i.IIC_init          iic.o
    0x08000de4   0x08000de4   0x00000034   Code   RO         3654    i.IIC_noack         iic.o
    0x08000e18   0x08000e18   0x00000058   Code   RO         3655    i.IIC_read_byte     iic.o
    0x08000e70   0x08000e70   0x00000064   Code   RO         3656    i.IIC_send_byte     iic.o
    0x08000ed4   0x08000ed4   0x00000038   Code   RO         3657    i.IIC_start         iic.o
    0x08000f0c   0x08000f0c   0x00000028   Code   RO         3658    i.IIC_stop          iic.o
    0x08000f34   0x08000f34   0x00000044   Code   RO         3659    i.IIC_wait_ack      iic.o
    0x08000f78   0x08000f78   0x00000004   Code   RO         3265    i.MemManage_Handler  stm32f10x_it.o
    0x08000f7c   0x08000f7c   0x00000002   Code   RO         3266    i.NMI_Handler       stm32f10x_it.o
    0x08000f7e   0x08000f7e   0x00000002   PAD
    0x08000f80   0x08000f80   0x00000070   Code   RO          137    i.NVIC_Init         misc.o
    0x08000ff0   0x08000ff0   0x00000014   Code   RO          138    i.NVIC_PriorityGroupConfig  misc.o
    0x08001004   0x08001004   0x0000002a   Code   RO         3325    i.OLED_Clear        oled.o
    0x0800102e   0x0800102e   0x00000002   PAD
    0x08001030   0x08001030   0x00000050   Code   RO         3326    i.OLED_I2C_Init     oled.o
    0x08001080   0x08001080   0x00000054   Code   RO         3327    i.OLED_I2C_SendByte  oled.o
    0x080010d4   0x080010d4   0x00000034   Code   RO         3328    i.OLED_I2C_Start    oled.o
    0x08001108   0x08001108   0x00000028   Code   RO         3329    i.OLED_I2C_Stop     oled.o
    0x08001130   0x08001130   0x000000ae   Code   RO         3330    i.OLED_Init         oled.o
    0x080011de   0x080011de   0x00000014   Code   RO         3331    i.OLED_Pow          oled.o
    0x080011f2   0x080011f2   0x00000022   Code   RO         3332    i.OLED_SetCursor    oled.o
    0x08001214   0x08001214   0x00000074   Code   RO         3334    i.OLED_ShowChar     oled.o
    0x08001288   0x08001288   0x00000044   Code   RO         3336    i.OLED_ShowNum      oled.o
    0x080012cc   0x080012cc   0x00000066   Code   RO         3337    i.OLED_ShowSignedNum  oled.o
    0x08001332   0x08001332   0x00000050   Code   RO         3338    i.OLED_ShowString   oled.o
    0x08001382   0x08001382   0x00000020   Code   RO         3339    i.OLED_WriteCommand  oled.o
    0x080013a2   0x080013a2   0x00000020   Code   RO         3340    i.OLED_WriteData    oled.o
    0x080013c2   0x080013c2   0x00000002   Code   RO         3267    i.PendSV_Handler    stm32f10x_it.o
    0x080013c4   0x080013c4   0x00000020   Code   RO         1777    i.RCC_APB2PeriphClockCmd  stm32f10x_rcc.o
    0x080013e4   0x080013e4   0x000000d4   Code   RO         1785    i.RCC_GetClocksFreq  stm32f10x_rcc.o
    0x080014b8   0x080014b8   0x00000002   Code   RO         3268    i.SVC_Handler       stm32f10x_it.o
    0x080014ba   0x080014ba   0x00000002   PAD
    0x080014bc   0x080014bc   0x0000002c   Code   RO         3522    i.SW1801_Init       sw1801.o
    0x080014e8   0x080014e8   0x00000018   Code   RO         3435    i.Serial_RxData_clear  serial.o
    0x08001500   0x08001500   0x00000008   Code   RO           24    i.SetSysClock       system_stm32f10x.o
    0x08001508   0x08001508   0x000000e0   Code   RO           25    i.SetSysClockTo72   system_stm32f10x.o
    0x080015e8   0x080015e8   0x00000028   Code   RO         3660    i.Set_IIC_SDA_IN    iic.o
    0x08001610   0x08001610   0x0000002c   Code   RO         3661    i.Set_IIC_SDA_OUT   iic.o
    0x0800163c   0x0800163c   0x00000002   Code   RO         3269    i.SysTick_Handler   stm32f10x_it.o
    0x0800163e   0x0800163e   0x00000002   PAD
    0x08001640   0x08001640   0x00000060   Code   RO           27    i.SystemInit        system_stm32f10x.o
    0x080016a0   0x080016a0   0x000000a0   Code   RO         3436    i.USART1_IRQHandler  serial.o
    0x08001740   0x08001740   0x00000020   Code   RO         3438    i.USART1_Send_Char  serial.o
    0x08001760   0x08001760   0x00000016   Code   RO         3439    i.USART1_Send_String  serial.o
    0x08001776   0x08001776   0x00000002   PAD
    0x08001778   0x08001778   0x000000b8   Code   RO         3440    i.USART1_init       serial.o
    0x08001830   0x08001830   0x0000001e   Code   RO         2957    i.USART_ClearITPendingBit  stm32f10x_usart.o
    0x0800184e   0x0800184e   0x00000018   Code   RO         2960    i.USART_Cmd         stm32f10x_usart.o
    0x08001866   0x08001866   0x0000001a   Code   RO         2963    i.USART_GetFlagStatus  stm32f10x_usart.o
    0x08001880   0x08001880   0x00000054   Code   RO         2964    i.USART_GetITStatus  stm32f10x_usart.o
    0x080018d4   0x080018d4   0x0000004a   Code   RO         2966    i.USART_ITConfig    stm32f10x_usart.o
    0x0800191e   0x0800191e   0x00000002   PAD
    0x08001920   0x08001920   0x000000d8   Code   RO         2967    i.USART_Init        stm32f10x_usart.o
    0x080019f8   0x080019f8   0x0000000a   Code   RO         2974    i.USART_ReceiveData  stm32f10x_usart.o
    0x08001a02   0x08001a02   0x00000008   Code   RO         2977    i.USART_SendData    stm32f10x_usart.o
    0x08001a0a   0x08001a0a   0x00000004   Code   RO         3270    i.UsageFault_Handler  stm32f10x_it.o
    0x08001a0e   0x08001a0e   0x00000002   PAD
    0x08001a10   0x08001a10   0x0000035c   Code   RO         3548    i.Wind_Force_Level_Display  adc.o
    0x08001d6c   0x08001d6c   0x00000028   Code   RO         3911    i.__ARM_fpclassify  m_ws.l(fpclassify.o)
    0x08001d94   0x08001d94   0x000000aa   Code   RO         3913    i.__kernel_poly     m_ws.l(poly.o)
    0x08001e3e   0x08001e3e   0x00000006   Code   RO         3898    i.__mathlib_dbl_infnan  m_ws.l(dunder.o)
    0x08001e44   0x08001e44   0x00000010   Code   RO         3903    i.__mathlib_dbl_underflow  m_ws.l(dunder.o)
    0x08001e54   0x08001e54   0x000000f0   Code   RO         3743    i.alarm_process     alarm_moduel.o
    0x08001f44   0x08001f44   0x00000220   Code   RO         3849    i.atan              m_ws.l(atan.o)
    0x08002164   0x08002164   0x0000002c   Code   RO         3722    i.key_Init          key.o
    0x08002190   0x08002190   0x0000003c   Code   RO         3723    i.key_scan          key.o
    0x080021cc   0x080021cc   0x0000008c   Code   RO         3220    i.main              main.o
    0x08002258   0x08002258   0x00000064   Code   RO         3744    i.set_alarm         alarm_moduel.o
    0x080022bc   0x080022bc   0x0000004c   Code   RO         3859    i.sqrt              m_ws.l(sqrt.o)
    0x08002308   0x08002308   0x00000062   Code   RO         3802    x$fpl$d2f           fz_ws.l(d2f.o)
    0x0800236a   0x0800236a   0x00000002   PAD
    0x0800236c   0x0800236c   0x00000150   Code   RO         3876    x$fpl$dadd          fz_ws.l(daddsub_clz.o)
    0x080024bc   0x080024bc   0x00000010   Code   RO         3937    x$fpl$dcheck1       fz_ws.l(dcheck1.o)
    0x080024cc   0x080024cc   0x00000018   Code   RO         3882    x$fpl$dcmpinf       fz_ws.l(dcmpi.o)
    0x080024e4   0x080024e4   0x000002b0   Code   RO         3805    x$fpl$ddiv          fz_ws.l(ddiv.o)
    0x08002794   0x08002794   0x0000002e   Code   RO         3809    x$fpl$dflt          fz_ws.l(dflt_clz.o)
    0x080027c2   0x080027c2   0x00000002   PAD
    0x080027c4   0x080027c4   0x00000078   Code   RO         3814    x$fpl$dleqf         fz_ws.l(dleqf.o)
    0x0800283c   0x0800283c   0x00000154   Code   RO         3816    x$fpl$dmul          fz_ws.l(dmul.o)
    0x08002990   0x08002990   0x0000009c   Code   RO         3884    x$fpl$dnaninf       fz_ws.l(dnaninf.o)
    0x08002a2c   0x08002a2c   0x0000000c   Code   RO         3886    x$fpl$dretinf       fz_ws.l(dretinf.o)
    0x08002a38   0x08002a38   0x0000006c   Code   RO         3818    x$fpl$drleqf        fz_ws.l(drleqf.o)
    0x08002aa4   0x08002aa4   0x00000016   Code   RO         3877    x$fpl$drsb          fz_ws.l(daddsub_clz.o)
    0x08002aba   0x08002aba   0x00000002   PAD
    0x08002abc   0x08002abc   0x000001cc   Code   RO         3888    x$fpl$dsqrt         fz_ws.l(dsqrt_noumaal.o)
    0x08002c88   0x08002c88   0x000001d4   Code   RO         3878    x$fpl$dsub          fz_ws.l(daddsub_clz.o)
    0x08002e5c   0x08002e5c   0x00000056   Code   RO         3820    x$fpl$f2d           fz_ws.l(f2d.o)
    0x08002eb2   0x08002eb2   0x00000002   PAD
    0x08002eb4   0x08002eb4   0x000000c4   Code   RO         3822    x$fpl$fadd          fz_ws.l(faddsub_clz.o)
    0x08002f78   0x08002f78   0x00000184   Code   RO         3829    x$fpl$fdiv          fz_ws.l(fdiv.o)
    0x080030fc   0x080030fc   0x00000036   Code   RO         3832    x$fpl$ffix          fz_ws.l(ffix.o)
    0x08003132   0x08003132   0x00000002   PAD
    0x08003134   0x08003134   0x0000003e   Code   RO         3836    x$fpl$ffixu         fz_ws.l(ffixu.o)
    0x08003172   0x08003172   0x00000002   PAD
    0x08003174   0x08003174   0x00000026   Code   RO         3840    x$fpl$ffltu         fz_ws.l(fflt_clz.o)
    0x0800319a   0x0800319a   0x00000002   PAD
    0x0800319c   0x0800319c   0x00000102   Code   RO         3846    x$fpl$fmul          fz_ws.l(fmul.o)
    0x0800329e   0x0800329e   0x0000008c   Code   RO         3890    x$fpl$fnaninf       fz_ws.l(fnaninf.o)
    0x0800332a   0x0800332a   0x0000000a   Code   RO         3892    x$fpl$fretinf       fz_ws.l(fretinf.o)
    0x08003334   0x08003334   0x000000ea   Code   RO         3824    x$fpl$fsub          fz_ws.l(faddsub_clz.o)
    0x0800341e   0x0800341e   0x00000064   Code   RO         3952    x$fpl$retnan        fz_ws.l(retnan.o)
    0x08003482   0x08003482   0x0000005c   Code   RO         3894    x$fpl$scalbn        fz_ws.l(scalbn.o)
    0x080034de   0x080034de   0x00000030   Code   RO         4001    x$fpl$trapveneer    fz_ws.l(trapv.o)
    0x0800350e   0x0800350e   0x00000000   Code   RO         3896    x$fpl$usenofp       fz_ws.l(usenofp.o)
    0x0800350e   0x0800350e   0x000005f0   Data   RO         3341    .constdata          oled.o
    0x08003afe   0x08003afe   0x00000002   PAD
    0x08003b00   0x08003b00   0x00000098   Data   RO         3850    .constdata          m_ws.l(atan.o)
    0x08003b98   0x08003b98   0x00000020   Data   RO         4080    Region$$Table       anon$$obj.o


    Execution Region RW_IRAM1 (Exec base: 0x20000000, Load base: 0x08003bb8, Size: 0x000006c0, Max: 0x00005000, ABSOLUTE)

    Exec Addr    Load Addr    Size         Type   Attr      Idx    E Section Name        Object

    0x20000000   0x08003bb8   0x00000014   Data   RW         1805    .data               stm32f10x_rcc.o
    0x20000014   0x08003bcc   0x00000002   Data   RW         3442    .data               serial.o
    0x20000016   0x08003bce   0x00000001   Data   RW         3523    .data               sw1801.o
    0x20000017   0x08003bcf   0x00000002   Data   RW         3549    .data               adc.o
    0x20000019   0x08003bd1   0x00000005   Data   RW         3745    .data               alarm_moduel.o
    0x2000001e   0x08003bd6   0x00000002   PAD
    0x20000020        -       0x00000040   Zero   RW         3441    .bss                serial.o
    0x20000060        -       0x00000060   Zero   RW         3940    .bss                c_w.l(libspace.o)
    0x200000c0        -       0x00000200   Zero   RW            2    HEAP                startup_stm32f10x_md.o
    0x200002c0        -       0x00000400   Zero   RW            1    STACK               startup_stm32f10x_md.o


==============================================================================

Image component sizes


      Code (inc. data)   RO Data    RW Data    ZI Data      Debug   Object Name

      1364        282          0          2          0       3291   adc.o
       870         12          0          0          0       4533   adxl345.o
       340         98          0          5          0       1436   alarm_moduel.o
        96         18          0          0          0       1295   buzzer.o
         0          0          0          0          0       4508   core_cm3.o
        70          0          0          0          0        898   delay.o
       626         48          0          0          0       5134   iic.o
       104         12          0          0          0        938   key.o
       140         16          0          0          0        651   main.o
       132         22          0          0          0     213691   misc.o
       956         22       1520          0          0       8098   oled.o
       562         68          0          2         64       4644   serial.o
        64         26        236          0       1536        812   startup_stm32f10x_md.o
       384         10          0          0          0      17662   stm32f10x_adc.o
       314          0          0          0          0      12244   stm32f10x_gpio.o
        26          0          0          0          0       3622   stm32f10x_it.o
       244         26          0         20          0      12373   stm32f10x_rcc.o
       472          6          0          0          0      12347   stm32f10x_usart.o
       120         16          0          1          0       1480   sw1801.o
       328         28          0          0          0      24801   system_stm32f10x.o

    ----------------------------------------------------------------------
      7232        710       1790         32       1600     334458   Object Totals
         0          0         32          0          0          0   (incl. Generated)
        20          0          2          2          0          0   (incl. Padding)

    ----------------------------------------------------------------------

      Code (inc. data)   RO Data    RW Data    ZI Data      Debug   Library Member Name

         8          0          0          0          0         68   __main.o
       104          0          0          0          0         84   __printf.o
         0          0          0          0          0          0   __rtentry.o
        12          0          0          0          0          0   __rtentry2.o
         6          0          0          0          0          0   __rtentry4.o
        52          8          0          0          0          0   __scatter.o
        26          0          0          0          0          0   __scatter_copy.o
        28          0          0          0          0          0   __scatter_zi.o
        44          0          0          0          0        108   _printf_char.o
        48          6          0          0          0         96   _printf_char_common.o
         0          0          0          0          0          0   _printf_percent.o
         4          0          0          0          0          0   _printf_percent_end.o
         6          0          0          0          0          0   _printf_s.o
        82          0          0          0          0         80   _printf_str.o
        22          0          0          0          0        100   _rserrno.o
        10          0          0          0          0         68   _sputc.o
        18          0          0          0          0         80   exit.o
         6          0          0          0          0        152   heapauxi.o
         0          0          0          0          0          0   indicate_semi.o
         2          0          0          0          0          0   libinit.o
         2          0          0          0          0          0   libinit2.o
         2          0          0          0          0          0   libshutdown.o
         2          0          0          0          0          0   libshutdown2.o
         8          4          0          0         96         68   libspace.o
        40          6          0          0          0         84   noretval__2sprintf.o
         8          4          0          0          0         68   rt_errno_addr_intlibspace.o
         2          0          0          0          0          0   rtexit.o
        10          0          0          0          0          0   rtexit2.o
        12          4          0          0          0         68   sys_exit.o
        74          0          0          0          0         80   sys_stackheap_outer.o
         2          0          0          0          0         68   use_no_semi.o
        98          4          0          0          0         92   d2f.o
       826         16          0          0          0        348   daddsub_clz.o
        16          4          0          0          0         68   dcheck1.o
        24          0          0          0          0         68   dcmpi.o
       688        140          0          0          0        208   ddiv.o
        46          0          0          0          0         68   dflt_clz.o
       120          4          0          0          0         92   dleqf.o
       340         12          0          0          0        104   dmul.o
       156          4          0          0          0         92   dnaninf.o
        12          0          0          0          0         68   dretinf.o
       108          0          0          0          0         80   drleqf.o
       460         56          0          0          0        120   dsqrt_noumaal.o
        86          4          0          0          0         84   f2d.o
       430          8          0          0          0        168   faddsub_clz.o
       388         76          0          0          0         96   fdiv.o
        54          4          0          0          0         84   ffix.o
        62          4          0          0          0         84   ffixu.o
        38          0          0          0          0         68   fflt_clz.o
       258          4          0          0          0         84   fmul.o
       140          4          0          0          0         84   fnaninf.o
        10          0          0          0          0         68   fretinf.o
       100          0          0          0          0         68   retnan.o
        92          0          0          0          0         68   scalbn.o
        48          0          0          0          0         68   trapv.o
         0          0          0          0          0          0   usenofp.o
       544         70        152          0          0        124   atan.o
        22          6          0          0          0        136   dunder.o
        40          0          0          0          0         68   fpclassify.o
       170          0          0          0          0         96   poly.o
        76          0          0          0          0         84   sqrt.o

    ----------------------------------------------------------------------
      6114        452        152          0         96       4212   Library Totals
        22          0          0          0          0          0   (incl. Padding)

    ----------------------------------------------------------------------

      Code (inc. data)   RO Data    RW Data    ZI Data      Debug   Library Name

       640         32          0          0         96       1272   c_w.l
      4600        344          0          0          0       2432   fz_ws.l
       852         76        152          0          0        508   m_ws.l

    ----------------------------------------------------------------------
      6114        452        152          0         96       4212   Library Totals

    ----------------------------------------------------------------------

==============================================================================


      Code (inc. data)   RO Data    RW Data    ZI Data      Debug   

     13346       1162       1942         32       1696     331698   Grand Totals
     13346       1162       1942         32       1696     331698   ELF Image Totals
     13346       1162       1942         32          0          0   ROM Totals

==============================================================================

    Total RO  Size (Code + RO Data)                15288 (  14.93kB)
    Total RW  Size (RW Data + ZI Data)              1728 (   1.69kB)
    Total ROM Size (Code + RO Data + RW Data)      15320 (  14.96kB)

==============================================================================

